Archive member included to satisfy reference by file (symbol)

c:/program files (x86)/embitz/2.60/share/armgcc/bin/../lib/gcc/arm-none-eabi/9.3.1/../../../../arm-none-eabi/lib/thumb/v7e-m+fp/hard\libc.a(lib_a-exit.o)
                              c:/program files (x86)/embitz/2.60/share/armgcc/bin/../lib/gcc/arm-none-eabi/9.3.1/../../../../arm-none-eabi/lib/thumb/v7e-m+fp/hard/rdimon-crt0.o (exit)
c:/program files (x86)/embitz/2.60/share/armgcc/bin/../lib/gcc/arm-none-eabi/9.3.1/../../../../arm-none-eabi/lib/thumb/v7e-m+fp/hard\libc.a(lib_a-impure.o)
                              c:/program files (x86)/embitz/2.60/share/armgcc/bin/../lib/gcc/arm-none-eabi/9.3.1/../../../../arm-none-eabi/lib/thumb/v7e-m+fp/hard\libc.a(lib_a-exit.o) (_global_impure_ptr)
c:/program files (x86)/embitz/2.60/share/armgcc/bin/../lib/gcc/arm-none-eabi/9.3.1/../../../../arm-none-eabi/lib/thumb/v7e-m+fp/hard\libc.a(lib_a-init.o)
                              c:/program files (x86)/embitz/2.60/share/armgcc/bin/../lib/gcc/arm-none-eabi/9.3.1/../../../../arm-none-eabi/lib/thumb/v7e-m+fp/hard/rdimon-crt0.o (__libc_init_array)
c:/program files (x86)/embitz/2.60/share/armgcc/bin/../lib/gcc/arm-none-eabi/9.3.1/../../../../arm-none-eabi/lib/thumb/v7e-m+fp/hard\libc.a(lib_a-memset.o)
                              c:/program files (x86)/embitz/2.60/share/armgcc/bin/../lib/gcc/arm-none-eabi/9.3.1/../../../../arm-none-eabi/lib/thumb/v7e-m+fp/hard/rdimon-crt0.o (memset)
c:/program files (x86)/embitz/2.60/share/armgcc/bin/../lib/gcc/arm-none-eabi/9.3.1/../../../../arm-none-eabi/lib/thumb/v7e-m+fp/hard\libc.a(lib_a-__call_atexit.o)
                              c:/program files (x86)/embitz/2.60/share/armgcc/bin/../lib/gcc/arm-none-eabi/9.3.1/../../../../arm-none-eabi/lib/thumb/v7e-m+fp/hard\libc.a(lib_a-exit.o) (__call_exitprocs)
c:/program files (x86)/embitz/2.60/share/armgcc/bin/../lib/gcc/arm-none-eabi/9.3.1/../../../../arm-none-eabi/lib/thumb/v7e-m+fp/hard\libc.a(lib_a-atexit.o)
                              c:/program files (x86)/embitz/2.60/share/armgcc/bin/../lib/gcc/arm-none-eabi/9.3.1/../../../../arm-none-eabi/lib/thumb/v7e-m+fp/hard\libc.a(lib_a-__call_atexit.o) (atexit)
c:/program files (x86)/embitz/2.60/share/armgcc/bin/../lib/gcc/arm-none-eabi/9.3.1/../../../../arm-none-eabi/lib/thumb/v7e-m+fp/hard\libc.a(lib_a-fini.o)
                              c:/program files (x86)/embitz/2.60/share/armgcc/bin/../lib/gcc/arm-none-eabi/9.3.1/../../../../arm-none-eabi/lib/thumb/v7e-m+fp/hard\libc.a(lib_a-__call_atexit.o) (__libc_fini_array)
c:/program files (x86)/embitz/2.60/share/armgcc/bin/../lib/gcc/arm-none-eabi/9.3.1/../../../../arm-none-eabi/lib/thumb/v7e-m+fp/hard\libc.a(lib_a-lock.o)
                              c:/program files (x86)/embitz/2.60/share/armgcc/bin/../lib/gcc/arm-none-eabi/9.3.1/../../../../arm-none-eabi/lib/thumb/v7e-m+fp/hard\libc.a(lib_a-__call_atexit.o) (__retarget_lock_acquire_recursive)
c:/program files (x86)/embitz/2.60/share/armgcc/bin/../lib/gcc/arm-none-eabi/9.3.1/../../../../arm-none-eabi/lib/thumb/v7e-m+fp/hard\libc.a(lib_a-__atexit.o)
                              c:/program files (x86)/embitz/2.60/share/armgcc/bin/../lib/gcc/arm-none-eabi/9.3.1/../../../../arm-none-eabi/lib/thumb/v7e-m+fp/hard\libc.a(lib_a-atexit.o) (__register_exitproc)
c:/program files (x86)/embitz/2.60/share/armgcc/bin/../lib/gcc/arm-none-eabi/9.3.1/../../../../arm-none-eabi/lib/thumb/v7e-m+fp/hard\libg_nano.a(lib_a-memcpy-stub.o)
                              obj\debug\src\usbd_storage.o (memcpy)
c:/program files (x86)/embitz/2.60/share/armgcc/bin/../lib/gcc/arm-none-eabi/9.3.1/../../../../arm-none-eabi/lib/thumb/v7e-m+fp/hard\librdimon_nano.a(rdimon-syscalls.o)
                              c:/program files (x86)/embitz/2.60/share/armgcc/bin/../lib/gcc/arm-none-eabi/9.3.1/../../../../arm-none-eabi/lib/thumb/v7e-m+fp/hard/rdimon-crt0.o (initialise_monitor_handles)
c:/program files (x86)/embitz/2.60/share/armgcc/bin/../lib/gcc/arm-none-eabi/9.3.1/../../../../arm-none-eabi/lib/thumb/v7e-m+fp/hard\librdimon_nano.a(rdimon-_exit.o)
                              c:/program files (x86)/embitz/2.60/share/armgcc/bin/../lib/gcc/arm-none-eabi/9.3.1/../../../../arm-none-eabi/lib/thumb/v7e-m+fp/hard\libc.a(lib_a-exit.o) (_exit)
c:/program files (x86)/embitz/2.60/share/armgcc/bin/../lib/gcc/arm-none-eabi/9.3.1/../../../../arm-none-eabi/lib/thumb/v7e-m+fp/hard\librdimon_nano.a(rdimon-_kill.o)
                              c:/program files (x86)/embitz/2.60/share/armgcc/bin/../lib/gcc/arm-none-eabi/9.3.1/../../../../arm-none-eabi/lib/thumb/v7e-m+fp/hard\librdimon_nano.a(rdimon-_exit.o) (_kill_shared)
c:/program files (x86)/embitz/2.60/share/armgcc/bin/../lib/gcc/arm-none-eabi/9.3.1/../../../../arm-none-eabi/lib/thumb/v7e-m+fp/hard\libc_nano.a(lib_a-errno.o)
[...]
Memory Configuration

Name             Origin             Length             Attributes
FLASH            0x08000000         0x00100000         xr
RAM              0x20000000         0x00020000         xrw
CCMRAM           0x10000000         0x00010000         xrw
*default*        0x00000000         0xffffffff

Linker script and memory map

LOAD c:/program files (x86)/embitz/2.60/share/armgcc/bin/../lib/gcc/arm-none-eabi/9.3.1/thumb/v7e-m+fp/hard/crti.o
LOAD c:/program files (x86)/embitz/2.60/share/armgcc/bin/../lib/gcc/arm-none-eabi/9.3.1/thumb/v7e-m+fp/hard/crtbegin.o
LOAD c:/program files (x86)/embitz/2.60/share/armgcc/bin/../lib/gcc/arm-none-eabi/9.3.1/../../../../arm-none-eabi/lib/thumb/v7e-m+fp/hard/rdimon-crt0.o
                0x0800b83c                OTG_HSirqHnd = USBinitOTG?USBIrqHandlerOTG:USBinitDEV?USBIrqHandlerDEV:USBinitHOST?USBIrqHandlerHOST:irqHnd
                0x0800b83c                OTG_FSirqHnd = USBinitOTG?USBIrqHandlerOTG:USBinitDEV?USBIrqHandlerDEV:USBinitHOST?USBIrqHandlerHOST:irqHnd
                0x00000200                HEAP_GAP = DEFINED (__HEAP_SIZE)?__HEAP_SIZE:0x200
                0x00000400                STACK_GAP = DEFINED (__STACK_SIZE)?__STACK_SIZE:0x400
                0x08000000                FLASH_START = 0x8000000
                0x20000000                RAM_START = 0x20000000
                0x10000000                CCRAM_START = 0x10000000

.rodata         0x08000000      0x314
 *(.cortexVectors*)
 .cortexVectors
                0x08000000       0x40 obj\debug\src\cortexm\cortexm.o
                0x08000000                cortexVectors
 *(.systemVectors*)
 .systemVectors
                0x08000040      0x150 obj\debug\src\cortexm\stm32\f4\stm32f4.o
                0x08000040                systemVectors
                0x08000190                . = ALIGN (0x4)
                0x08000190                _rostart = .
 *(.gnu.linkonce.d*)
 *(.rodata)
 .rodata        0x08000190        0x4 obj\debug\src\host.o
 .rodata        0x08000194       0x44 obj\debug\src\libs\fat-fs\ff.o
 .rodata        0x080001d8        0x4 obj\debug\src\libs\otg\host\usbh_core.o
 .rodata        0x080001dc       0x57 obj\debug\src\usbd_desc.o
 *(.rodata*)
 *fill*         0x08000233        0x1 
 .rodata._global_impure_ptr
                0x08000234        0x4 c:/program files (x86)/embitz/2.60/share/armgcc/bin/../lib/gcc/arm-none-eabi/9.3.1/../../../../arm-none-eabi/lib/thumb/v7e-m+fp/hard\libc.a(lib_a-impure.o)
                0x08000234                _global_impure_ptr
 .rodata.AHBPrescTable.6140
                0x08000238       0x10 obj\debug\src\cortexm\stm32\f4\stm32f4.o
 .rodata.ExCvt  0x08000248       0x80 obj\debug\src\libs\fat-fs\ff.o
 .rodata.USBD_MSC_CfgFSDesc
                0x080002c8       0x20 obj\debug\src\libs\otg\device\class\msc\usbd_msc.o
                0x080002c8                USBD_MSC_CfgFSDesc
 .rodata.MSC_Page00_Inquiry_Data
                0x080002e8        0x7 obj\debug\src\libs\otg\device\class\msc\usbd_msc_data.o
                0x080002e8                MSC_Page00_Inquiry_Data
 *fill*         0x080002ef        0x1 
 .rodata.MSC_Mode_Sense6_data
                0x080002f0        0x8 obj\debug\src\libs\otg\device\class\msc\usbd_msc_data.o
                0x080002f0                MSC_Mode_Sense6_data
 .rodata.MSC_Mode_Sense10_data
                0x080002f8        0x8 obj\debug\src\libs\otg\device\class\msc\usbd_msc_data.o
                0x080002f8                MSC_Mode_Sense10_data
 .rodata.USBD_DeviceDesc
                0x08000300       0x12 obj\debug\src\usbd_desc.o
 *(.gnu.linkonce.d*)
                0x08000314                . = ALIGN (0x4)
 *fill*         0x08000312        0x2 
                0x08000314                _roend = .

.data           0x20000000     0x1620 load address 0x08000314
                0x20000000                . = ALIGN (0x20)
                0x20000000                _sdata = .
 *(.gnu.linkonce.r*)
 *(.data)
 *(.data*)
 .data.impure_data
                0x20000000      0x428 c:/program files (x86)/embitz/2.60/share/armgcc/bin/../lib/gcc/arm-none-eabi/9.3.1/../../../../arm-none-eabi/lib/thumb/v7e-m+fp/hard\libc.a(lib_a-impure.o)
 .data.__atexit_recursive_mutex
                0x20000428        0x4 c:/program files (x86)/embitz/2.60/share/armgcc/bin/../lib/gcc/arm-none-eabi/9.3.1/../../../../arm-none-eabi/lib/thumb/v7e-m+fp/hard\libc.a(lib_a-__call_atexit.o)
                0x20000428                __atexit_recursive_mutex
 .data.s        0x2000042c        0x4 obj\debug\src\cortexm\cortexm.o
                0x2000042c                s
 .data.XTAL     0x20000430        0x4 obj\debug\src\cortexm\stm32\f4\stm32f4.o
 .data.devSpeed
                0x20000434        0x1 obj\debug\src\libs\otg\device\class\msc\usbd_msc.o
                0x20000434                devSpeed
 *fill*         0x20000435        0x3 
 .data.USBD_MSC_cb
                0x20000438        0xc obj\debug\src\libs\otg\device\class\msc\usbd_msc.o
                0x20000438                USBD_MSC_cb
 .data.Stat     0x20000444        0x1 obj\debug\src\libs\otg\host\class\msc\usbh_msc_fatfs.o
 *fill*         0x20000445        0x3 
 .data.USBdeviceDesc
                0x20000448       0x40 obj\debug\src\usbd_desc.o
                0x20000448                USBdeviceDesc
 .data.BOOT_TABLE
                0x20000488       0x3e obj\debug\src\usbd_storage.o
 *fill*         0x200004c6        0x2 
 .data.FATn_TABLE
                0x200004c8      0x600 obj\debug\src\usbd_storage.o
 .data.ROOT_TABLE
                0x20000ac8      0x400 obj\debug\src\usbd_storage.o
 .data.README_DATA
                0x20000ec8      0x514 obj\debug\src\usbd_storage.o
 .data.TestBuffer
                0x200013dc      0x200 obj\debug\src\usbd_storage.o
                0x200013dc                TestBuffer
 .data.STORAGE_Inquirydata
                0x200015dc       0x24 obj\debug\src\usbd_storage.o
                0x200015dc                STORAGE_Inquirydata
 .data.stor     0x20001600       0x20 obj\debug\src\usbd_storage.o
                0x20001600                stor
 *(.gnu.linkonce.r*)
                0x20001620                . = ALIGN (0x4)
                0x20001620                _edata = .

.igot.plt       0x20001620        0x0 load address 0x08001934
 .igot.plt      0x20001620        0x0 c:/program files (x86)/embitz/2.60/share/armgcc/bin/../lib/gcc/arm-none-eabi/9.3.1/thumb/v7e-m+fp/hard/crtbegin.o

.ARM.extab
 *(.ARM.extab* .gnu.linkonce.armextab.*)

.ARM            0x08001934        0x0
                0x08001934                __exidx_start = .
 *(.ARM.exidx*)
                0x08001934                __exidx_end = .

.preinit_array  0x08001934        0x0
                0x08001934                PROVIDE (__preinit_array_start = .)
 *(.preinit_array*)
                0x08001934                PROVIDE (__preinit_array_end = .)

.init_array     0x08001934        0x8
                0x08001934                PROVIDE (__init_array_start = .)
 *(SORT_BY_NAME(.init_array.*))
 .init_array.00000
                0x08001934        0x4 c:/program files (x86)/embitz/2.60/share/armgcc/bin/../lib/gcc/arm-none-eabi/9.3.1/../../../../arm-none-eabi/lib/thumb/v7e-m+fp/hard\libc.a(lib_a-__call_atexit.o)
 *(.init_array*)
 .init_array    0x08001938        0x4 c:/program files (x86)/embitz/2.60/share/armgcc/bin/../lib/gcc/arm-none-eabi/9.3.1/thumb/v7e-m+fp/hard/crtbegin.o
                0x0800193c                PROVIDE (__init_array_end = .)

.fini_array     0x0800193c        0x4
                0x0800193c                PROVIDE (__fini_array_start = .)
 *(SORT_BY_NAME(.fini_array.*))
 *(.fini_array*)
 .fini_array    0x0800193c        0x4 c:/program files (x86)/embitz/2.60/share/armgcc/bin/../lib/gcc/arm-none-eabi/9.3.1/thumb/v7e-m+fp/hard/crtbegin.o
                0x08001940                PROVIDE (__fini_array_end = .)

.text           0x08001940     0xa518
                0x08001940                . = ALIGN (0x4)
                0x08001940                _stext = .
 *(.text)
 .text          0x08001940       0x40 c:/program files (x86)/embitz/2.60/share/armgcc/bin/../lib/gcc/arm-none-eabi/9.3.1/thumb/v7e-m+fp/hard/crtbegin.o
 *(.text*)
 .text.memset   0x08001980       0xa0 c:/program files (x86)/embitz/2.60/share/armgcc/bin/../lib/gcc/arm-none-eabi/9.3.1/../../../../arm-none-eabi/lib/thumb/v7e-m+fp/hard\libc.a(lib_a-memset.o)
                0x08001980                memset
 .text.startup.register_fini
                0x08001a20       0x14 c:/program files (x86)/embitz/2.60/share/armgcc/bin/../lib/gcc/arm-none-eabi/9.3.1/../../../../arm-none-eabi/lib/thumb/v7e-m+fp/hard\libc.a(lib_a-__call_atexit.o)
 .text.atexit   0x08001a34        0xc c:/program files (x86)/embitz/2.60/share/armgcc/bin/../lib/gcc/arm-none-eabi/9.3.1/../../../../arm-none-eabi/lib/thumb/v7e-m+fp/hard\libc.a(lib_a-atexit.o)
                0x08001a34                atexit
 .text.__libc_fini_array
                0x08001a40       0x2c c:/program files (x86)/embitz/2.60/share/armgcc/bin/../lib/gcc/arm-none-eabi/9.3.1/../../../../arm-none-eabi/lib/thumb/v7e-m+fp/hard\libc.a(lib_a-fini.o)
                0x08001a40                __libc_fini_array
 .text.__retarget_lock_acquire_recursive
                0x08001a6c        0x4 c:/program files (x86)/embitz/2.60/share/armgcc/bin/../lib/gcc/arm-none-eabi/9.3.1/../../../../arm-none-eabi/lib/thumb/v7e-m+fp/hard\libc.a(lib_a-lock.o)
                0x08001a6c                __retarget_lock_acquire_recursive
 .text.__retarget_lock_release_recursive
                0x08001a70        0x4 c:/program files (x86)/embitz/2.60/share/armgcc/bin/../lib/gcc/arm-none-eabi/9.3.1/../../../../arm-none-eabi/lib/thumb/v7e-m+fp/hard\libc.a(lib_a-lock.o)
                0x08001a70                __retarget_lock_release_recursive
 .text.__register_exitproc
                0x08001a74       0x8c c:/program files (x86)/embitz/2.60/share/armgcc/bin/../lib/gcc/arm-none-eabi/9.3.1/../../../../arm-none-eabi/lib/thumb/v7e-m+fp/hard\libc.a(lib_a-__atexit.o)
                0x08001a74                __register_exitproc
 .text.irqHnd   0x08001b00        0xe obj\debug\src\cortexm\cortexm.o
                0x08001b00                irqHnd
 .text.NMIHnd   0x08001b0e        0xe obj\debug\src\cortexm\cortexm.o
                0x08001b0e                NMIHnd
 .text.HardFaultHnd
                0x08001b1c        0xe obj\debug\src\cortexm\cortexm.o
                0x08001b1c                HardFaultHnd
 .text.MemManageHnd
                0x08001b2a        0xe obj\debug\src\cortexm\cortexm.o
                0x08001b2a                MemManageHnd
 .text.UsageFaultHnd
                0x08001b38        0xe obj\debug\src\cortexm\cortexm.o
                0x08001b38                UsageFaultHnd
 .text.BusFaultHnd
                0x08001b46        0xe obj\debug\src\cortexm\cortexm.o
                0x08001b46                BusFaultHnd
 .text.SVCHnd   0x08001b54        0xe obj\debug\src\cortexm\cortexm.o
                0x08001b54                SVCHnd
 .text.DebugMonHnd
                0x08001b62        0xe obj\debug\src\cortexm\cortexm.o
                0x08001b62                DebugMonHnd
 .text.PendSVHnd
                0x08001b70        0xe obj\debug\src\cortexm\cortexm.o
                0x08001b70                PendSVHnd
 .text.WWDGirqHnd
                0x08001b7e        0xe obj\debug\src\cortexm\cortexm.o
                0x08001b7e                WWDGirqHnd
 .text.PVDirqHnd
                0x08001b8c        0xe obj\debug\src\cortexm\cortexm.o
                0x08001b8c                PVDirqHnd
 .text.TAMP_STAMPirqHnd
                0x08001b9a        0xe obj\debug\src\cortexm\cortexm.o
                0x08001b9a                TAMP_STAMPirqHnd
 .text.RTC_WKUPirqHnd
                0x08001ba8        0xe obj\debug\src\cortexm\cortexm.o
                0x08001ba8                RTC_WKUPirqHnd
 .text.FLASHirqHnd
                0x08001bb6        0xe obj\debug\src\cortexm\cortexm.o
                0x08001bb6                FLASHirqHnd
 .text.RCCirqHnd
                0x08001bc4        0xe obj\debug\src\cortexm\cortexm.o
                0x08001bc4                RCCirqHnd
 .text.EXTI0irqHnd
                0x08001bd2        0xe obj\debug\src\cortexm\cortexm.o
                0x08001bd2                EXTI0irqHnd
 .text.EXTI1irqHnd
                0x08001be0        0xe obj\debug\src\cortexm\cortexm.o
                0x08001be0                EXTI1irqHnd
 .text.EXTI2irqHnd
                0x08001bee        0xe obj\debug\src\cortexm\cortexm.o
                0x08001bee                EXTI2irqHnd
 .text.EXTI3irqHnd
                0x08001bfc        0xe obj\debug\src\cortexm\cortexm.o
                0x08001bfc                EXTI3irqHnd
 .text.EXTI4irqHnd
                0x08001c0a        0xe obj\debug\src\cortexm\cortexm.o
                0x08001c0a                EXTI4irqHnd
 .text.DMA1_0irqHnd
                0x08001c18        0xe obj\debug\src\cortexm\cortexm.o
                0x08001c18                DMA1_0irqHnd
 .text.DMA1_1irqHnd
                0x08001c26        0xe obj\debug\src\cortexm\cortexm.o
                0x08001c26                DMA1_1irqHnd
 .text.DMA1_2irqHnd
                0x08001c34        0xe obj\debug\src\cortexm\cortexm.o
                0x08001c34                DMA1_2irqHnd
 .text.DMA1_3irqHnd
                0x08001c42        0xe obj\debug\src\cortexm\cortexm.o
                0x08001c42                DMA1_3irqHnd
 .text.DMA1_4irqHnd
                0x08001c50        0xe obj\debug\src\cortexm\cortexm.o
                0x08001c50                DMA1_4irqHnd
 .text.DMA1_5irqHnd
                0x08001c5e        0xe obj\debug\src\cortexm\cortexm.o
                0x08001c5e                DMA1_5irqHnd
 .text.DMA1_6irqHnd
                0x08001c6c        0xe obj\debug\src\cortexm\cortexm.o
                0x08001c6c                DMA1_6irqHnd
 .text.ADCirqHnd
                0x08001c7a        0xe obj\debug\src\cortexm\cortexm.o
                0x08001c7a                ADCirqHnd
 .text.EXTI9_5irqHnd
                0x08001c88        0xe obj\debug\src\cortexm\cortexm.o
                0x08001c88                EXTI9_5irqHnd
 .text.TIM1_BRK_9irqHnd
                0x08001c96        0xe obj\debug\src\cortexm\cortexm.o
                0x08001c96                TIM1_BRK_9irqHnd
 .text.TIM1_UP_10irqHnd
                0x08001ca4        0xe obj\debug\src\cortexm\cortexm.o
                0x08001ca4                TIM1_UP_10irqHnd
 .text.TIM1_TRG_11irqHnd
                0x08001cb2        0xe obj\debug\src\cortexm\cortexm.o
                0x08001cb2                TIM1_TRG_11irqHnd
 .text.TIM1_CCirqHnd
                0x08001cc0        0xe obj\debug\src\cortexm\cortexm.o
                0x08001cc0                TIM1_CCirqHnd
 .text.TIM2irqHnd
                0x08001cce        0xe obj\debug\src\cortexm\cortexm.o
                0x08001cce                TIM2irqHnd
 .text.TIM3irqHnd
                0x08001cdc        0xe obj\debug\src\cortexm\cortexm.o
                0x08001cdc                TIM3irqHnd
 .text.TIM4irqHnd
                0x08001cea        0xe obj\debug\src\cortexm\cortexm.o
                0x08001cea                TIM4irqHnd
 .text.I2C1_EVirqHnd
                0x08001cf8        0xe obj\debug\src\cortexm\cortexm.o
                0x08001cf8                I2C1_EVirqHnd
 .text.I2C1_ERirqHnd
                0x08001d06        0xe obj\debug\src\cortexm\cortexm.o
                0x08001d06                I2C1_ERirqHnd
 .text.I2C2_EVirqHnd
                0x08001d14        0xe obj\debug\src\cortexm\cortexm.o
                0x08001d14                I2C2_EVirqHnd
 .text.I2C2_ERirqHnd
                0x08001d22        0xe obj\debug\src\cortexm\cortexm.o
                0x08001d22                I2C2_ERirqHnd
 .text.SPI1irqHnd
                0x08001d30        0xe obj\debug\src\cortexm\cortexm.o
                0x08001d30                SPI1irqHnd
 .text.SPI2irqHnd
                0x08001d3e        0xe obj\debug\src\cortexm\cortexm.o
                0x08001d3e                SPI2irqHnd
 .text.USART1irqHnd
                0x08001d4c        0xe obj\debug\src\cortexm\cortexm.o
                0x08001d4c                USART1irqHnd
 .text.USART2irqHnd
                0x08001d5a        0xe obj\debug\src\cortexm\cortexm.o
                0x08001d5a                USART2irqHnd
 .text.USART6irqHnd
                0x08001d68        0xe obj\debug\src\cortexm\cortexm.o
                0x08001d68                USART6irqHnd
 .text.EXTI15_10irqHnd
                0x08001d76        0xe obj\debug\src\cortexm\cortexm.o
                0x08001d76                EXTI15_10irqHnd
 .text.RTC_AlarmirqHnd
                0x08001d84        0xe obj\debug\src\cortexm\cortexm.o
                0x08001d84                RTC_AlarmirqHnd
 .text.OTG_FS_WKUPirqHnd
                0x08001d92        0xe obj\debug\src\cortexm\cortexm.o
                0x08001d92                OTG_FS_WKUPirqHnd
 .text.DMA1_7irqHnd
                0x08001da0        0xe obj\debug\src\cortexm\cortexm.o
                0x08001da0                DMA1_7irqHnd
 .text.SDIOirqHnd
                0x08001dae        0xe obj\debug\src\cortexm\cortexm.o
                0x08001dae                SDIOirqHnd
 .text.TIM5irqHnd
                0x08001dbc        0xe obj\debug\src\cortexm\cortexm.o
                0x08001dbc                TIM5irqHnd
 .text.SPI3irqHnd
                0x08001dca        0xe obj\debug\src\cortexm\cortexm.o
                0x08001dca                SPI3irqHnd
 .text.DMA2_0irqHnd
                0x08001dd8        0xe obj\debug\src\cortexm\cortexm.o
                0x08001dd8                DMA2_0irqHnd
 .text.DMA2_1irqHnd
                0x08001de6        0xe obj\debug\src\cortexm\cortexm.o
                0x08001de6                DMA2_1irqHnd
 .text.DMA2_2irqHnd
                0x08001df4        0xe obj\debug\src\cortexm\cortexm.o
                0x08001df4                DMA2_2irqHnd
 .text.DMA2_3irqHnd
                0x08001e02        0xe obj\debug\src\cortexm\cortexm.o
                0x08001e02                DMA2_3irqHnd
 .text.DMA2_4irqHnd
                0x08001e10        0xe obj\debug\src\cortexm\cortexm.o
                0x08001e10                DMA2_4irqHnd
 .text.DMA2_5irqHnd
                0x08001e1e        0xe obj\debug\src\cortexm\cortexm.o
                0x08001e1e                DMA2_5irqHnd
 .text.DMA2_6irqHnd
                0x08001e2c        0xe obj\debug\src\cortexm\cortexm.o
                0x08001e2c                DMA2_6irqHnd
 .text.DMA2_7irqHnd
                0x08001e3a        0xe obj\debug\src\cortexm\cortexm.o
                0x08001e3a                DMA2_7irqHnd
 .text.I2C3_EVirqHnd
                0x08001e48        0xe obj\debug\src\cortexm\cortexm.o
                0x08001e48                I2C3_EVirqHnd
 .text.I2C3_ERirqHnd
                0x08001e56        0xe obj\debug\src\cortexm\cortexm.o
                0x08001e56                I2C3_ERirqHnd
 .text.FPUirqHnd
                0x08001e64        0xe obj\debug\src\cortexm\cortexm.o
                0x08001e64                FPUirqHnd
 .text.SPI4irqHnd
                0x08001e72        0xe obj\debug\src\cortexm\cortexm.o
                0x08001e72                SPI4irqHnd
 .text.OTG_HSep1OUTirqHnd
                0x08001e80        0xe obj\debug\src\cortexm\cortexm.o
                0x08001e80                OTG_HSep1OUTirqHnd
 .text.OTG_HSep1INirqHnd
                0x08001e8e        0xe obj\debug\src\cortexm\cortexm.o
                0x08001e8e                OTG_HSep1INirqHnd
 .text.OTG_HSWakeUPirqHnd
                0x08001e9c        0xe obj\debug\src\cortexm\cortexm.o
                0x08001e9c                OTG_HSWakeUPirqHnd
 *fill*         0x08001eaa        0x2 
 .text.resetHandler
                0x08001eac       0x64 obj\debug\src\cortexm\cortexm.o
                0x08001eac                resetHandler
 .text.IRQ_CLR  0x08001f10       0x3c obj\debug\src\cortexm\cortexm.o
                0x08001f10                IRQ_CLR
 .text.IRQ_ENABLE
                0x08001f4c       0xc0 obj\debug\src\cortexm\cortexm.o
                0x08001f4c                IRQ_ENABLE
 .text.osSysTick
                0x0800200c       0x14 obj\debug\src\cortexm\cortexm.o
                0x0800200c                osSysTick
 .text.mDelay   0x08002020       0x58 obj\debug\src\cortexm\cortexm.o
                0x08002020                mDelay
 .text.SysTickHnd
                0x08002078       0x4c obj\debug\src\cortexm\cortexm.o
                0x08002078                SysTickHnd
 .text.sysTickConfig
                0x080020c4       0x6c obj\debug\src\cortexm\cortexm.o
                0x080020c4                sysTickConfig
 .text.BIT1SET  0x08002130       0x36 obj\debug\src\cortexm\stm32\f4\stm32f4.o
 .text.BIT2SET  0x08002166       0x4a obj\debug\src\cortexm\stm32\f4\stm32f4.o
 .text.BIT4SET  0x080021b0       0x4a obj\debug\src\cortexm\stm32\f4\stm32f4.o
 *fill*         0x080021fa        0x2 
 .text.DEVICE_RESET
                0x080021fc       0x6c obj\debug\src\cortexm\stm32\f4\stm32f4.o
                0x080021fc                DEVICE_RESET
 .text.DEVICE_ENABLE
                0x08002268       0x48 obj\debug\src\cortexm\stm32\f4\stm32f4.o
                0x08002268                DEVICE_ENABLE
 .text.getMode  0x080022b0       0x38 obj\debug\src\cortexm\stm32\f4\stm32f4.o
                0x080022b0                getMode
 .text.getType  0x080022e8       0x22 obj\debug\src\cortexm\stm32\f4\stm32f4.o
                0x080022e8                getType
 .text.getClip  0x0800230a       0x54 obj\debug\src\cortexm\stm32\f4\stm32f4.o
                0x0800230a                getClip
 .text.getPull  0x0800235e       0x52 obj\debug\src\cortexm\stm32\f4\stm32f4.o
                0x0800235e                getPull
 .text.gpioEnable
                0x080023b0       0x22 obj\debug\src\cortexm\stm32\f4\stm32f4.o
                0x080023b0                gpioEnable
 *fill*         0x080023d2        0x2 
 .text.PIN_MODE
                0x080023d4       0xd0 obj\debug\src\cortexm\stm32\f4\stm32f4.o
                0x080023d4                PIN_MODE
 .text.SET_SYSCLK_HZ
                0x080024a4      0x138 obj\debug\src\cortexm\stm32\f4\stm32f4.o
                0x080024a4                SET_SYSCLK_HZ
 .text.SYSCLK_HZ
                0x080025dc      0x124 obj\debug\src\cortexm\stm32\f4\stm32f4.o
                0x080025dc                SYSCLK_HZ
 .text.setupHardware
                0x08002700        0xe obj\debug\src\cortexm\stm32\f4\stm32f4.o
                0x08002700                setupHardware
 *fill*         0x0800270e        0x2 
 .text.usbHIDkeyArrived
                0x08002710       0x4c obj\debug\src\f407-disco.o
                0x08002710                usbHIDkeyArrived
 .text.usbHIDmouseArrived
                0x0800275c       0x4c obj\debug\src\f407-disco.o
                0x0800275c                usbHIDmouseArrived
 .text.usbHIDrawArrived
                0x080027a8       0x4c obj\debug\src\f407-disco.o
                0x080027a8                usbHIDrawArrived
 .text.usbHostGotDisconnected
                0x080027f4       0xc0 obj\debug\src\f407-disco.o
                0x080027f4                usbHostGotDisconnected
 .text.main     0x080028b4       0x6c obj\debug\src\f407-disco.o
                0x080028b4                main
 .text.testForEvents
                0x08002920      0x244 obj\debug\src\host.o
                0x08002920                testForEvents
 .text.USBHgetHandleAtConnect
                0x08002b64       0xb0 obj\debug\src\host.o
                0x08002b64                USBHgetHandleAtConnect
 .text.mem_set  0x08002c14       0x36 obj\debug\src\libs\fat-fs\ff.o
 .text.mem_cmp  0x08002c4a       0x4e obj\debug\src\libs\fat-fs\ff.o
 .text.chk_chr  0x08002c98       0x36 obj\debug\src\libs\fat-fs\ff.o
 .text.sync_window
                0x08002cce       0x90 obj\debug\src\libs\fat-fs\ff.o
 .text.moveWindow
                0x08002d5e       0x52 obj\debug\src\libs\fat-fs\ff.o
 .text.clust2sect
                0x08002db0       0x3e obj\debug\src\libs\fat-fs\ff.o
                0x08002db0                clust2sect
 .text.get_fat  0x08002dee      0x168 obj\debug\src\libs\fat-fs\ff.o
                0x08002dee                get_fat
 .text.putFat   0x08002f56      0x20e obj\debug\src\libs\fat-fs\ff.o
                0x08002f56                putFat
 .text.create_chain
                0x08003164      0x112 obj\debug\src\libs\fat-fs\ff.o
 .text.dir_sdi  0x08003276      0x104 obj\debug\src\libs\fat-fs\ff.o
 .text.dirNext  0x0800337a      0x1a4 obj\debug\src\libs\fat-fs\ff.o
 .text.ldClust  0x0800351e       0x5a obj\debug\src\libs\fat-fs\ff.o
 .text.dirFind  0x08003578       0x96 obj\debug\src\libs\fat-fs\ff.o
 .text.dir_read
                0x0800360e       0xb0 obj\debug\src\libs\fat-fs\ff.o
 *fill*         0x080036be        0x2 
 .text.create_name
                0x080036c0      0x180 obj\debug\src\libs\fat-fs\ff.o
 .text.get_fileinfo
                0x08003840      0x11c obj\debug\src\libs\fat-fs\ff.o
 .text.follow_path
                0x0800395c       0xd4 obj\debug\src\libs\fat-fs\ff.o
 .text.checkFs  0x08003a30       0xd0 obj\debug\src\libs\fat-fs\ff.o
 .text.chkMounted
                0x08003b00      0x550 obj\debug\src\libs\fat-fs\ff.o
 .text.validate
                0x08004050       0x5a obj\debug\src\libs\fat-fs\ff.o
 *fill*         0x080040aa        0x2 
 .text.fMount   0x080040ac       0x54 obj\debug\src\libs\fat-fs\ff.o
                0x080040ac                fMount
 .text.fOpendir
                0x08004100       0xbe obj\debug\src\libs\fat-fs\ff.o
                0x08004100                fOpendir
 .text.fReaddir
                0x080041be       0x86 obj\debug\src\libs\fat-fs\ff.o
                0x080041be                fReaddir
 .text.USBD_MSC_Crtl
                0x08004244       0x94 obj\debug\src\libs\otg\device\class\msc\usbd_msc.o
                0x08004244                USBD_MSC_Crtl
 .text.USBD_MSC_Setup
                0x080042d8      0x14c obj\debug\src\libs\otg\device\class\msc\usbd_msc.o
                0x080042d8                USBD_MSC_Setup
 .text.MSC_BOT_Init
                0x08004424       0x48 obj\debug\src\libs\otg\device\class\msc\usbd_msc_bot.o
                0x08004424                MSC_BOT_Init
 .text.MSC_BOT_Reset
                0x0800446c       0x28 obj\debug\src\libs\otg\device\class\msc\usbd_msc_bot.o
                0x0800446c                MSC_BOT_Reset
 .text.MSC_BOT_DeInit
                0x08004494       0x1c obj\debug\src\libs\otg\device\class\msc\usbd_msc_bot.o
                0x08004494                MSC_BOT_DeInit
 .text.MSC_BOT_SendData
                0x080044b0       0x54 obj\debug\src\libs\otg\device\class\msc\usbd_msc_bot.o
 .text.MSC_BOT_Abort
                0x08004504       0x48 obj\debug\src\libs\otg\device\class\msc\usbd_msc_bot.o
 .text.MSC_BOT_CBW_Decode
                0x0800454c       0xd0 obj\debug\src\libs\otg\device\class\msc\usbd_msc_bot.o
 .text.MSC_BOT_SendCSW
                0x0800461c       0x6c obj\debug\src\libs\otg\device\class\msc\usbd_msc_bot.o
                0x0800461c                MSC_BOT_SendCSW
 .text.MSC_BOT_DataOut
                0x08004688       0x48 obj\debug\src\libs\otg\device\class\msc\usbd_msc_bot.o
                0x08004688                MSC_BOT_DataOut
 .text.MSC_BOT_DataIn
                0x080046d0       0x60 obj\debug\src\libs\otg\device\class\msc\usbd_msc_bot.o
                0x080046d0                MSC_BOT_DataIn
 .text.MSC_BOT_CplClrFeature
                0x08004730       0x44 obj\debug\src\libs\otg\device\class\msc\usbd_msc_bot.o
                0x08004730                MSC_BOT_CplClrFeature
 .text.SCSI_TestUnitReady
                0x08004774       0x6c obj\debug\src\libs\otg\device\class\msc\usbd_msc_scsi.o
 .text.SCSI_Inquiry
                0x080047e0       0x9c obj\debug\src\libs\otg\device\class\msc\usbd_msc_scsi.o
 .text.SCSIreadCapacity10
                0x0800487c       0xd4 obj\debug\src\libs\otg\device\class\msc\usbd_msc_scsi.o
 .text.SCSIreadFmtCap
                0x08004950       0xd8 obj\debug\src\libs\otg\device\class\msc\usbd_msc_scsi.o
 .text.SCSI_ModeSense6
                0x08004a28       0x54 obj\debug\src\libs\otg\device\class\msc\usbd_msc_scsi.o
 .text.SCSI_ModeSense10
                0x08004a7c       0x54 obj\debug\src\libs\otg\device\class\msc\usbd_msc_scsi.o
 .text.SCSI_RequestSense
                0x08004ad0       0xf4 obj\debug\src\libs\otg\device\class\msc\usbd_msc_scsi.o
 .text.SCSIsenseCode
                0x08004bc4       0x7c obj\debug\src\libs\otg\device\class\msc\usbd_msc_scsi.o
                0x08004bc4                SCSIsenseCode
 .text.SCSI_StartStopUnit
                0x08004c40       0x28 obj\debug\src\libs\otg\device\class\msc\usbd_msc_scsi.o
 .text.SCSI_CheckAddressRange
                0x08004c68       0x40 obj\debug\src\libs\otg\device\class\msc\usbd_msc_scsi.o
 .text.SCSIprocessRead
                0x08004ca8       0xb8 obj\debug\src\libs\otg\device\class\msc\usbd_msc_scsi.o
 .text.SCSIread10
                0x08004d60      0x11c obj\debug\src\libs\otg\device\class\msc\usbd_msc_scsi.o
 .text.SCSI_ProcessWrite
                0x08004e7c       0xc4 obj\debug\src\libs\otg\device\class\msc\usbd_msc_scsi.o
 .text.SCSI_Write10
                0x08004f40      0x160 obj\debug\src\libs\otg\device\class\msc\usbd_msc_scsi.o
 .text.SCSI_Verify10
                0x080050a0       0x60 obj\debug\src\libs\otg\device\class\msc\usbd_msc_scsi.o
 .text.SCSI_ProcessCmd
                0x08005100      0x248 obj\debug\src\libs\otg\device\class\msc\usbd_msc_scsi.o
                0x08005100                SCSI_ProcessCmd
 .text.USBdevGotReset
                0x08005348        0xe obj\debug\src\libs\otg\device\usbd_core.o
                0x08005348                USBdevGotReset
 .text.USBdevGotConfigured
                0x08005356        0xe obj\debug\src\libs\otg\device\usbd_core.o
                0x08005356                USBdevGotConfigured
 .text.USBDepStall
                0x08005364       0x70 obj\debug\src\libs\otg\device\usbd_core.o
                0x08005364                USBDepStall
 .text.USBDsetupStage
                0x080053d4       0x5e obj\debug\src\libs\otg\device\usbd_core.o
                0x080053d4                USBDsetupStage
 .text.USBD_RunTestMode
                0x08005432       0x10 obj\debug\src\libs\otg\device\usbd_core.o
 *fill*         0x08005442        0x2 
 .text.USBDdataOutStage
                0x08005444       0xbc obj\debug\src\libs\otg\device\usbd_core.o
                0x08005444                USBDdataOutStage
 .text.USBDdataInStage
                0x08005500      0x11c obj\debug\src\libs\otg\device\usbd_core.o
                0x08005500                USBDdataInStage
 .text.USBDreset
                0x0800561c       0x30 obj\debug\src\libs\otg\device\usbd_core.o
                0x0800561c                USBDreset
 .text.USBD_SetCfg
                0x0800564c       0x2c obj\debug\src\libs\otg\device\usbd_core.o
                0x0800564c                USBD_SetCfg
 .text.USBDclrCfg
                0x08005678       0x28 obj\debug\src\libs\otg\device\usbd_core.o
                0x08005678                USBDclrCfg
 .text.USBDisoINIncomplete
                0x080056a0       0x1c obj\debug\src\libs\otg\device\usbd_core.o
                0x080056a0                USBDisoINIncomplete
 .text.USBDisoOUTIncomplete
                0x080056bc       0x1c obj\debug\src\libs\otg\device\usbd_core.o
                0x080056bc                USBDisoOUTIncomplete
 .text.doNone   0x080056d8       0x16 obj\debug\src\libs\otg\device\usbd_core.o
 *fill*         0x080056ee        0x2 
 .text.USBDepAction
                0x080056f0       0x68 obj\debug\src\libs\otg\device\usbd_core.o
                0x080056f0                USBDepAction
 .text.USBDepOpen
                0x08005758       0xa8 obj\debug\src\libs\otg\device\usbd_core.o
                0x08005758                USBDepOpen
 .text.usbDEVdeInit
                0x08005800       0xc0 obj\debug\src\libs\otg\device\usbd_core.o
                0x08005800                usbDEVdeInit
 .text.USBDepClose
                0x080058c0       0x64 obj\debug\src\libs\otg\device\usbd_core.o
                0x080058c0                USBDepClose
 .text.USBDepPrepareRx
                0x08005924       0xa8 obj\debug\src\libs\otg\device\usbd_core.o
                0x08005924                USBDepPrepareRx
 .text.USBDepClrStall
                0x080059cc       0x70 obj\debug\src\libs\otg\device\usbd_core.o
                0x080059cc                USBDepClrStall
 .text.handleSofDevISR
                0x08005a3c       0xe0 obj\debug\src\libs\otg\device\usbd_core.o
                0x08005a3c                handleSofDevISR
 .text.USBDepTx
                0x08005b1c       0xa0 obj\debug\src\libs\otg\device\usbd_ioreq.o
                0x08005b1c                USBDepTx
 .text.USBDctlSendData
                0x08005bbc       0x38 obj\debug\src\libs\otg\device\usbd_ioreq.o
                0x08005bbc                USBDctlSendData
 .text.USBDctlContinueSendData
                0x08005bf4       0x22 obj\debug\src\libs\otg\device\usbd_ioreq.o
                0x08005bf4                USBDctlContinueSendData
 .text.USBDctlContinueRx
                0x08005c16       0x22 obj\debug\src\libs\otg\device\usbd_ioreq.o
                0x08005c16                USBDctlContinueRx
 .text.USBDctlSendStatus
                0x08005c38       0x24 obj\debug\src\libs\otg\device\usbd_ioreq.o
                0x08005c38                USBDctlSendStatus
 .text.USBDctlReceiveStatus
                0x08005c5c       0x24 obj\debug\src\libs\otg\device\usbd_ioreq.o
                0x08005c5c                USBDctlReceiveStatus
 .text.USBDreadPacket
                0x08005c80       0x7c obj\debug\src\libs\otg\device\usbd_ioreq.o
                0x08005c80                USBDreadPacket
 .text.USBDgetRxCount
                0x08005cfc       0x30 obj\debug\src\libs\otg\device\usbd_ioreq.o
                0x08005cfc                USBDgetRxCount
 .text.USBDgetTxCount
                0x08005d2c       0x5c obj\debug\src\libs\otg\device\usbd_ioreq.o
                0x08005d2c                USBDgetTxCount
 .text.USBDwritePacket
                0x08005d88       0x94 obj\debug\src\libs\otg\device\usbd_ioreq.o
                0x08005d88                USBDwritePacket
 .text.USBD_GetLen
                0x08005e1c       0x30 obj\debug\src\libs\otg\device\usbd_req.o
 .text.USBDstdItfReq
                0x08005e4c       0x58 obj\debug\src\libs\otg\device\usbd_req.o
                0x08005e4c                USBDstdItfReq
 .text.USBDstdEPReq
                0x08005ea4      0x1bc obj\debug\src\libs\otg\device\usbd_req.o
                0x08005ea4                USBDstdEPReq
 .text.usbDEVgetDescriptor
                0x08006060       0xc8 obj\debug\src\libs\otg\device\usbd_req.o
 .text.USBD_SetAddress
                0x08006128       0x6c obj\debug\src\libs\otg\device\usbd_req.o
 .text.USBD_SetConfig
                0x08006194       0xd0 obj\debug\src\libs\otg\device\usbd_req.o
 .text.USBD_GetConfig
                0x08006264       0x54 obj\debug\src\libs\otg\device\usbd_req.o
 .text.USBD_GetStatus
                0x080062b8       0x50 obj\debug\src\libs\otg\device\usbd_req.o
 .text.USBD_SetFeature
                0x08006308       0x64 obj\debug\src\libs\otg\device\usbd_req.o
 .text.USBD_ClrFeature
                0x0800636c       0x4c obj\debug\src\libs\otg\device\usbd_req.o
 .text.USBDparseSetupRequest
                0x080063b8       0x90 obj\debug\src\libs\otg\device\usbd_req.o
                0x080063b8                USBDparseSetupRequest
 .text.USBDctlError
                0x08006448       0x20 obj\debug\src\libs\otg\device\usbd_req.o
                0x08006448                USBDctlError
 .text.USBDgetString
                0x08006468       0x7c obj\debug\src\libs\otg\device\usbd_req.o
                0x08006468                USBDgetString
 .text.USBDstdDevReq
                0x080064e4       0x8c obj\debug\src\libs\otg\device\usbd_req.o
                0x080064e4                USBDstdDevReq
 .text.hidParseReportDescriptor
                0x08006570       0xc2 obj\debug\src\libs\otg\host\class\hid\usbh_hid_core.o
                0x08006570                hidParseReportDescriptor
 .text.USBH_HID_HandleBOTXferOut
                0x08006632       0x16 obj\debug\src\libs\otg\host\class\hid\usbh_hid_core.o
                0x08006632                USBH_HID_HandleBOTXferOut
 .text.USBH_HID_HandleBOTXferIn
                0x08006648       0x44 obj\debug\src\libs\otg\host\class\hid\usbh_hid_core.o
                0x08006648                USBH_HID_HandleBOTXferIn
 .text.USBH_HID_Handle
                0x0800668c       0xfc obj\debug\src\libs\otg\host\class\hid\usbh_hid_core.o
 .text.USBHhidInterfaceInit
                0x08006788      0x150 obj\debug\src\libs\otg\host\class\hid\usbh_hid_core.o
                0x08006788                USBHhidInterfaceInit
 .text.testForNextPort
                0x080068d8       0x98 obj\debug\src\libs\otg\host\class\hub\usbh-hub.o
 .text.doEvent  0x08006970       0xa4 obj\debug\src\libs\otg\host\class\hub\usbh-hub.o
 .text.USBH_HUB_Handle
                0x08006a14      0x190 obj\debug\src\libs\otg\host\class\hub\usbh-hub.o
 .text.USBH_HUB_HandleBOTXferOut
                0x08006ba4       0x40 obj\debug\src\libs\otg\host\class\hub\usbh-hub.o
 .text.USBHhubInterfaceInit
                0x08006be4       0x7c obj\debug\src\libs\otg\host\class\hub\usbh-hub.o
                0x08006be4                USBHhubInterfaceInit
 .text.USBH_MSC_Init
                0x08006c60       0x38 obj\debug\src\libs\otg\host\class\msc\usbh_msc_bot.o
                0x08006c60                USBH_MSC_Init
 .text.USBH_MSC_DecodeCSW
                0x08006c98       0x5c obj\debug\src\libs\otg\host\class\msc\usbh_msc_bot.o
 .text.USBH_MSC_HandleBOTreceive
                0x08006cf4       0x5c obj\debug\src\libs\otg\host\class\msc\usbh_msc_bot.o
 .text.USBH_MSC_HandleDatain
                0x08006d50       0x80 obj\debug\src\libs\otg\host\class\msc\usbh_msc_bot.o
 .text.USBH_MSC_HandleDataout
                0x08006dd0       0x84 obj\debug\src\libs\otg\host\class\msc\usbh_msc_bot.o
 .text.USBH_MSC_HandleBOTXferIn
                0x08006e54       0x64 obj\debug\src\libs\otg\host\class\msc\usbh_msc_bot.o
                0x08006e54                USBH_MSC_HandleBOTXferIn
 .text.USBH_MSC_HandleBOTXferOut
                0x08006eb8       0xa8 obj\debug\src\libs\otg\host\class\msc\usbh_msc_bot.o
                0x08006eb8                USBH_MSC_HandleBOTXferOut
 .text.USBH_MSC_XferStart
                0x08006f60       0x34 obj\debug\src\libs\otg\host\class\msc\usbh_msc_bot.o
                0x08006f60                USBH_MSC_XferStart
 .text.USBH_MSC_ClassRequest
                0x08006f94       0x28 obj\debug\src\libs\otg\host\class\msc\usbh_msc_core.o
 .text.USBH_MSC_Handle
                0x08006fbc       0xc0 obj\debug\src\libs\otg\host\class\msc\usbh_msc_core.o
 .text.USBH_MSC_Machine
                0x0800707c       0xc8 obj\debug\src\libs\otg\host\class\msc\usbh_msc_core.o
                0x0800707c                USBH_MSC_Machine
 .text.USBHmscInterfaceInit
                0x08007144       0xa0 obj\debug\src\libs\otg\host\class\msc\usbh_msc_core.o
                0x08007144                USBHmscInterfaceInit
 .text.diskInitialize
                0x080071e4       0x30 obj\debug\src\libs\otg\host\class\msc\usbh_msc_fatfs.o
                0x080071e4                diskInitialize
 .text.diskStatus
                0x08007214       0x2c obj\debug\src\libs\otg\host\class\msc\usbh_msc_fatfs.o
                0x08007214                diskStatus
 .text.diskRead
                0x08007240       0xb8 obj\debug\src\libs\otg\host\class\msc\usbh_msc_fatfs.o
                0x08007240                diskRead
 .text.diskWrite
                0x080072f8       0x8c obj\debug\src\libs\otg\host\class\msc\usbh_msc_fatfs.o
                0x080072f8                diskWrite
 .text.USBHtestUnitReady
                0x08007384       0x68 obj\debug\src\libs\otg\host\class\msc\usbh_msc_scsi.o
                0x08007384                USBHtestUnitReady
 .text.MSCaskForReadCapacity10
                0x080073ec       0x5c obj\debug\src\libs\otg\host\class\msc\usbh_msc_scsi.o
                0x080073ec                MSCaskForReadCapacity10
 .text.MSCrespReadCapacity10
                0x08007448       0x5c obj\debug\src\libs\otg\host\class\msc\usbh_msc_scsi.o
                0x08007448                MSCrespReadCapacity10
 .text.MSCaskForModeSense6
                0x080074a4       0x70 obj\debug\src\libs\otg\host\class\msc\usbh_msc_scsi.o
                0x080074a4                MSCaskForModeSense6
 .text.MSCrespModeSense6
                0x08007514       0x24 obj\debug\src\libs\otg\host\class\msc\usbh_msc_scsi.o
                0x08007514                MSCrespModeSense6
 .text.MSCaskForRequestSense
                0x08007538       0x68 obj\debug\src\libs\otg\host\class\msc\usbh_msc_scsi.o
                0x08007538                MSCaskForRequestSense
 .text.MSrespRequestSense
                0x080075a0       0x44 obj\debug\src\libs\otg\host\class\msc\usbh_msc_scsi.o
                0x080075a0                MSrespRequestSense
 .text.USBH_MSC_Write10
                0x080075e4       0xb8 obj\debug\src\libs\otg\host\class\msc\usbh_msc_scsi.o
                0x080075e4                USBH_MSC_Write10
 .text.USBH_MSC_Read10
                0x0800769c       0xb4 obj\debug\src\libs\otg\host\class\msc\usbh_msc_scsi.o
                0x0800769c                USBH_MSC_Read10
 .text.usbHostGotDescAvailable
                0x08007750       0x14 obj\debug\src\libs\otg\host\usbh_core.o
                0x08007750                usbHostGotDescAvailable
 .text.usbHostGotDeviceAttached
                0x08007764        0xe obj\debug\src\libs\otg\host\usbh_core.o
                0x08007764                usbHostGotDeviceAttached
 .text.usbHostGotResetDevice
                0x08007772        0xe obj\debug\src\libs\otg\host\usbh_core.o
                0x08007772                usbHostGotResetDevice
 .text.usbHostGotDeviceSpeedDetected
                0x08007780       0x16 obj\debug\src\libs\otg\host\usbh_core.o
                0x08007780                usbHostGotDeviceSpeedDetected
 .text.usbHostGotDeviceAddressAssigned
                0x08007796        0xe obj\debug\src\libs\otg\host\usbh_core.o
                0x08007796                usbHostGotDeviceAddressAssigned
 .text.usbHostGotConfigurationDescAvailable
                0x080077a4       0x18 obj\debug\src\libs\otg\host\usbh_core.o
                0x080077a4                usbHostGotConfigurationDescAvailable
 .text.usbHostGotSerialNumString
                0x080077bc       0x14 obj\debug\src\libs\otg\host\usbh_core.o
                0x080077bc                usbHostGotSerialNumString
 .text.usbHostGotUserApplication
                0x080077d0       0x44 obj\debug\src\libs\otg\host\usbh_core.o
                0x080077d0                usbHostGotUserApplication
 .text.usbHostGotDeviceNotSupported
                0x08007814        0xe obj\debug\src\libs\otg\host\usbh_core.o
                0x08007814                usbHostGotDeviceNotSupported
 .text.usbHostGotProductString
                0x08007822       0x14 obj\debug\src\libs\otg\host\usbh_core.o
                0x08007822                usbHostGotProductString
 .text.usbHostGotManufacturerString
                0x08007836       0x14 obj\debug\src\libs\otg\host\usbh_core.o
                0x08007836                usbHostGotManufacturerString
 .text.gotDevConnected
                0x0800784a       0x18 obj\debug\src\libs\otg\host\usbh_core.o
                0x0800784a                gotDevConnected
 *fill*         0x08007862        0x2 
 .text.USBHsetControlChannelAddr
                0x08007864       0x3c obj\debug\src\libs\otg\host\usbh_core.o
                0x08007864                USBHsetControlChannelAddr
 .text.USBHxferInControl
                0x080078a0       0xec obj\debug\src\libs\otg\host\usbh_core.o
                0x080078a0                USBHxferInControl
 .text.USBHxferOutControl
                0x0800798c      0x268 obj\debug\src\libs\otg\host\usbh_core.o
                0x0800798c                USBHxferOutControl
 .text.USBHgetBuffer
                0x08007bf4       0x14 obj\debug\src\libs\otg\host\usbh_core.o
                0x08007bf4                USBHgetBuffer
 .text.usbHostHandleEnum
                0x08007c08      0x228 obj\debug\src\libs\otg\host\usbh_core.o
                0x08007c08                usbHostHandleEnum
 .text.gotDevPortEnabled
                0x08007e30       0x78 obj\debug\src\libs\otg\host\usbh_core.o
                0x08007e30                gotDevPortEnabled
 .text.gotDevPortDisabled
                0x08007ea8       0x10 obj\debug\src\libs\otg\host\usbh_core.o
                0x08007ea8                gotDevPortDisabled
 .text.usbHostDeInit
                0x08007eb8       0x74 obj\debug\src\libs\otg\host\usbh_core.o
                0x08007eb8                usbHostDeInit
 .text.usbHOSTsetUrbState
                0x08007f2c       0xb0 obj\debug\src\libs\otg\host\usbh_core.o
                0x08007f2c                usbHOSTsetUrbState
 .text.USBH_GetFreeChannel
                0x08007fdc       0x60 obj\debug\src\libs\otg\host\usbh_hcs.o
 .text.UHOSTopenChannel
                0x0800803c       0xac obj\debug\src\libs\otg\host\usbh_hcs.o
                0x0800803c                UHOSTopenChannel
 .text.USBHfreeChannel
                0x080080e8       0x44 obj\debug\src\libs\otg\host\usbh_hcs.o
                0x080080e8                USBHfreeChannel
 .text.USBHfreeDeviceChannels
                0x0800812c       0x80 obj\debug\src\libs\otg\host\usbh_hcs.o
                0x0800812c                USBHfreeDeviceChannels
 .text.USBHchannelTimer
                0x080081ac       0x60 obj\debug\src\libs\otg\host\usbh_hcs.o
                0x080081ac                USBHchannelTimer
 .text.HCDgetXferCnt
                0x0800820c       0x28 obj\debug\src\libs\otg\host\usbh_hcs.o
                0x0800820c                HCDgetXferCnt
 .text.HCDsubmitRequest
                0x08008234       0x58 obj\debug\src\libs\otg\host\usbh_hcs.o
                0x08008234                HCDsubmitRequest
 .text.handleSofHostISR
                0x0800828c       0xbc obj\debug\src\libs\otg\host\usbh_hcs.o
                0x0800828c                handleSofHostISR
 .text.USBH_CtlReq
                0x08008348       0x44 obj\debug\src\libs\otg\host\usbh_ioreq.o
                0x08008348                USBH_CtlReq
 .text.USBH_CtlSendData
                0x0800838c       0x58 obj\debug\src\libs\otg\host\usbh_ioreq.o
                0x0800838c                USBH_CtlSendData
 .text.USBH_CtlReceiveData
                0x080083e4       0x28 obj\debug\src\libs\otg\host\usbh_ioreq.o
                0x080083e4                USBH_CtlReceiveData
 .text.USBH_BulkSendData
                0x0800840c       0x44 obj\debug\src\libs\otg\host\usbh_ioreq.o
                0x0800840c                USBH_BulkSendData
 .text.USBH_BulkReceiveData
                0x08008450       0x44 obj\debug\src\libs\otg\host\usbh_ioreq.o
                0x08008450                USBH_BulkReceiveData
 .text.USBH_InterruptReceiveData
                0x08008494       0x68 obj\debug\src\libs\otg\host\usbh_ioreq.o
                0x08008494                USBH_InterruptReceiveData
 .text.USBHreadPacket
                0x080084fc       0x78 obj\debug\src\libs\otg\host\usbh_ioreq.o
                0x080084fc                USBHreadPacket
 .text.USBHwritePacket
                0x08008574       0xa0 obj\debug\src\libs\otg\host\usbh_ioreq.o
                0x08008574                USBHwritePacket
 .text.USBH_Get_DevDesc
                0x08008614       0x5c obj\debug\src\libs\otg\host\usbh_stdreq.o
                0x08008614                USBH_Get_DevDesc
 .text.USBH_ParseInterfaceDesc
                0x08008670       0x5e obj\debug\src\libs\otg\host\usbh_stdreq.o
 .text.USBH_ParseEPDesc
                0x080086ce       0x5a obj\debug\src\libs\otg\host\usbh_stdreq.o
 .text.USBH_ParseCfgDesc
                0x08008728      0x1e4 obj\debug\src\libs\otg\host\usbh_stdreq.o
                0x08008728                USBH_ParseCfgDesc
 .text.USBHGetCfgDesc
                0x0800890c       0x22 obj\debug\src\libs\otg\host\usbh_stdreq.o
                0x0800890c                USBHGetCfgDesc
 *fill*         0x0800892e        0x2 
 .text.parseCfgDesc
                0x08008930       0x60 obj\debug\src\libs\otg\host\usbh_stdreq.o
                0x08008930                parseCfgDesc
 .text.USBH_Get_StringDesc
                0x08008990       0x30 obj\debug\src\libs\otg\host\usbh_stdreq.o
                0x08008990                USBH_Get_StringDesc
 .text.USBH_GetDescriptor
                0x080089c0       0x68 obj\debug\src\libs\otg\host\usbh_stdreq.o
                0x080089c0                USBH_GetDescriptor
 .text.USBH_SetAddress
                0x08008a28       0x40 obj\debug\src\libs\otg\host\usbh_stdreq.o
                0x08008a28                USBH_SetAddress
 .text.USBH_SetCfg
                0x08008a68       0x40 obj\debug\src\libs\otg\host\usbh_stdreq.o
                0x08008a68                USBH_SetCfg
 .text.USBHgetInterface
                0x08008aa8       0x4c obj\debug\src\libs\otg\host\usbh_stdreq.o
                0x08008aa8                USBHgetInterface
 .text.USBHsetInterface
                0x08008af4       0x48 obj\debug\src\libs\otg\host\usbh_stdreq.o
                0x08008af4                USBHsetInterface
 .text.UHOSTgetClassStatus
                0x08008b3c       0x50 obj\debug\src\libs\otg\host\usbh_stdreq.o
                0x08008b3c                UHOSTgetClassStatus
 .text.UHOSTsetClassFeature
                0x08008b8c       0x54 obj\debug\src\libs\otg\host\usbh_stdreq.o
                0x08008b8c                UHOSTsetClassFeature
 .text.UHOSTclearClassFeature
                0x08008be0       0x54 obj\debug\src\libs\otg\host\usbh_stdreq.o
                0x08008be0                UHOSTclearClassFeature
 .text.USBH_ClrFeature
                0x08008c34       0x74 obj\debug\src\libs\otg\host\usbh_stdreq.o
                0x08008c34                USBH_ClrFeature
 .text.USBH_ParseDevDesc
                0x08008ca8       0xe0 obj\debug\src\libs\otg\host\usbh_stdreq.o
                0x08008ca8                USBH_ParseDevDesc
 .text.USBH_ParseStringDesc
                0x08008d88       0x66 obj\debug\src\libs\otg\host\usbh_stdreq.o
                0x08008d88                USBH_ParseStringDesc
 .text.USBH_GetNextDesc
                0x08008dee       0x3a obj\debug\src\libs\otg\host\usbh_stdreq.o
                0x08008dee                USBH_GetNextDesc
 .text.USB_OTG_CoreReset
                0x08008e28       0x68 obj\debug\src\libs\otg\stm4\usb_core.o
 .text.OTGwritePacket
                0x08008e90       0x60 obj\debug\src\libs\otg\stm4\usb_core.o
                0x08008e90                OTGwritePacket
 .text.OTGreadPacket
                0x08008ef0       0x4c obj\debug\src\libs\otg\stm4\usb_core.o
                0x08008ef0                OTGreadPacket
 .text.USBcoreInit
                0x08008f3c       0xf8 obj\debug\src\libs\otg\stm4\usb_core.o
                0x08008f3c                USBcoreInit
 .text.OTGselectCore
                0x08009034      0x1dc obj\debug\src\libs\otg\stm4\usb_core.o
                0x08009034                OTGselectCore
 .text.usbOTGflushTxFifo
                0x08009210       0x60 obj\debug\src\libs\otg\stm4\usb_core.o
                0x08009210                usbOTGflushTxFifo
 .text.usbOTGflushRxFifo
                0x08009270       0x4c obj\debug\src\libs\otg\stm4\usb_core.o
                0x08009270                usbOTGflushRxFifo
 .text.usbOTGgetMode
                0x080092bc       0x1c obj\debug\src\libs\otg\stm4\usb_core.o
                0x080092bc                usbOTGgetMode
 .text.handleMmisISR
                0x080092d8        0xe obj\debug\src\libs\otg\stm4\usb_core.o
                0x080092d8                handleMmisISR
 *fill*         0x080092e6        0x2 
 .text.usbOTGenableCommonInt
                0x080092e8      0x148 obj\debug\src\libs\otg\stm4\usb_core.o
                0x080092e8                usbOTGenableCommonInt
 .text.usbOTGgetCurrentFrame
                0x08009430       0x2c obj\debug\src\libs\otg\stm4\usb_core.o
                0x08009430                usbOTGgetCurrentFrame
 .text.OTGgetDevEndpoints
                0x0800945c       0x18 obj\debug\src\libs\otg\stm4\usb_core.o
                0x0800945c                OTGgetDevEndpoints
 .text.OTGgetHostChannels
                0x08009474       0x18 obj\debug\src\libs\otg\stm4\usb_core.o
                0x08009474                OTGgetHostChannels
 .text.OTGgetDmaEnable
                0x0800948c       0x18 obj\debug\src\libs\otg\stm4\usb_core.o
                0x0800948c                OTGgetDmaEnable
 .text.usbDEVinitSpeed
                0x080094a4       0x30 obj\debug\src\libs\otg\stm4\usb_coredev.o
                0x080094a4                usbDEVinitSpeed
 .text.USBDcoreInit
                0x080094d4      0x2b0 obj\debug\src\libs\otg\stm4\usb_coredev.o
                0x080094d4                USBDcoreInit
 .text.usbDEVgetDeviceSpeed
                0x08009784       0x38 obj\debug\src\libs\otg\stm4\usb_coredev.o
                0x08009784                usbDEVgetDeviceSpeed
 .text.USBDep0Activate
                0x080097bc       0x54 obj\debug\src\libs\otg\stm4\usb_coredev.o
                0x080097bc                USBDep0Activate
 .text.USBDepActivate
                0x08009810      0x128 obj\debug\src\libs\otg\stm4\usb_coredev.o
                0x08009810                USBDepActivate
 .text.USBDepDeactivate
                0x08009938       0xc4 obj\debug\src\libs\otg\stm4\usb_coredev.o
                0x08009938                USBDepDeactivate
 .text.USBDepStartXmit
                0x080099fc      0x194 obj\debug\src\libs\otg\stm4\usb_coredev.o
                0x080099fc                USBDepStartXmit
 .text.USBDepStartXrecv
                0x08009b90      0x110 obj\debug\src\libs\otg\stm4\usb_coredev.o
                0x08009b90                USBDepStartXrecv
 .text.USBDep0StartXmit
                0x08009ca0       0xb0 obj\debug\src\libs\otg\stm4\usb_coredev.o
                0x08009ca0                USBDep0StartXmit
 .text.USBDep0StartRecv
                0x08009d50       0x60 obj\debug\src\libs\otg\stm4\usb_coredev.o
                0x08009d50                USBDep0StartRecv
 .text.USBDsetStall
                0x08009db0       0x7c obj\debug\src\libs\otg\stm4\usb_coredev.o
                0x08009db0                USBDsetStall
 .text.USBDepClearStall
                0x08009e2c       0x38 obj\debug\src\libs\otg\stm4\usb_coredev.o
                0x08009e2c                USBDepClearStall
 .text.usbDEVreadOutEPitr
                0x08009e64       0x30 obj\debug\src\libs\otg\stm4\usb_coredev.o
                0x08009e64                usbDEVreadOutEPitr
 .text.usbDEVreadAllInEPItr
                0x08009e94       0x28 obj\debug\src\libs\otg\stm4\usb_coredev.o
                0x08009e94                usbDEVreadAllInEPItr
 .text.USBDep0OutStart
                0x08009ebc       0x7c obj\debug\src\libs\otg\stm4\usb_coredev.o
                0x08009ebc                USBDep0OutStart
 .text.USBDepSetAddress
                0x08009f38       0x30 obj\debug\src\libs\otg\stm4\usb_coredev.o
                0x08009f38                USBDepSetAddress
 .text.USBDepSetTestMode
                0x08009f68       0xa8 obj\debug\src\libs\otg\stm4\usb_coredev.o
                0x08009f68                USBDepSetTestMode
 .text.DCDdevConnect
                0x0800a010       0x20 obj\debug\src\libs\otg\stm4\usb_coredev.o
                0x0800a010                DCDdevConnect
 .text.DCDdevDisconnect
                0x0800a030       0x20 obj\debug\src\libs\otg\stm4\usb_coredev.o
                0x0800a030                DCDdevDisconnect
 .text.USBDepFlush
                0x0800a050       0x2e obj\debug\src\libs\otg\stm4\usb_coredev.o
                0x0800a050                USBDepFlush
 *fill*         0x0800a07e        0x2 
 .text.DCDwriteEmptyTxFifo
                0x0800a080       0x7c obj\debug\src\libs\otg\stm4\usb_coredev.o
 .text.DCD_ReadDevInEP
                0x0800a0fc       0x50 obj\debug\src\libs\otg\stm4\usb_coredev.o
 .text.handleUsbResetISR
                0x0800a14c      0x120 obj\debug\src\libs\otg\stm4\usb_coredev.o
                0x0800a14c                handleUsbResetISR
 .text.handleEnumDoneISR
                0x0800a26c      0x188 obj\debug\src\libs\otg\stm4\usb_coredev.o
                0x0800a26c                handleEnumDoneISR
 .text.handleIsoOUTcopmISR
                0x0800a3f4        0xc obj\debug\src\libs\otg\stm4\usb_coredev.o
                0x0800a3f4                handleIsoOUTcopmISR
 .text.handleIsoINcompISR
                0x0800a400        0xc obj\debug\src\libs\otg\stm4\usb_coredev.o
                0x0800a400                handleIsoINcompISR
 .text.handleOutEpISR
                0x0800a40c      0x108 obj\debug\src\libs\otg\stm4\usb_coredev.o
                0x0800a40c                handleOutEpISR
 .text.handleInEpISR
                0x0800a514      0x19c obj\debug\src\libs\otg\stm4\usb_coredev.o
                0x0800a514                handleInEpISR
 .text.handleCanReadDEV
                0x0800a6b0       0x8c obj\debug\src\libs\otg\stm4\usb_coredev.o
                0x0800a6b0                handleCanReadDEV
 .text.USBHcoreInit
                0x0800a73c      0x16c obj\debug\src\libs\otg\stm4\usb_corehost.o
                0x0800a73c                USBHcoreInit
 .text.USBHisEvenFrame
                0x0800a8a8       0x24 obj\debug\src\libs\otg\stm4\usb_corehost.o
                0x0800a8a8                USBHisEvenFrame
 .text.USBHdriveVbus
                0x0800a8cc       0xc4 obj\debug\src\libs\otg\stm4\usb_corehost.o
                0x0800a8cc                USBHdriveVbus
 .text.usbHOSTinitFSLSPClkSel
                0x0800a990       0x30 obj\debug\src\libs\otg\stm4\usb_corehost.o
                0x0800a990                usbHOSTinitFSLSPClkSel
 .text.USBHresetPort
                0x0800a9c0       0x70 obj\debug\src\libs\otg\stm4\usb_corehost.o
                0x0800a9c0                USBHresetPort
 .text.USBHgetHCdad
                0x0800aa30       0x2c obj\debug\src\libs\otg\stm4\usb_corehost.o
                0x0800aa30                USBHgetHCdad
 .text.USBHaddrHC
                0x0800aa5c       0x3c obj\debug\src\libs\otg\stm4\usb_corehost.o
                0x0800aa5c                USBHaddrHC
 .text.USBHpacketHC
                0x0800aa98       0x3c obj\debug\src\libs\otg\stm4\usb_corehost.o
                0x0800aa98                USBHpacketHC
 .text.USBHinitC
                0x0800aad4      0x23c obj\debug\src\libs\otg\stm4\usb_corehost.o
                0x0800aad4                USBHinitC
 .text.usbHOSTstartXferHC
                0x0800ad10      0x178 obj\debug\src\libs\otg\stm4\usb_corehost.o
                0x0800ad10                usbHOSTstartXferHC
 .text.USBHhaltHC
                0x0800ae88       0x80 obj\debug\src\libs\otg\stm4\usb_corehost.o
                0x0800ae88                USBHhaltHC
 .text.USBHhaltHCnum
                0x0800af08       0x24 obj\debug\src\libs\otg\stm4\usb_corehost.o
                0x0800af08                USBHhaltHCnum
 .text.USBHdoPingHC
                0x0800af2c       0x46 obj\debug\src\libs\otg\stm4\usb_corehost.o
                0x0800af2c                USBHdoPingHC
 *fill*         0x0800af72        0x2 
 .text.HCDgetCurrentSpeed
                0x0800af74       0x20 obj\debug\src\libs\otg\stm4\usb_corehost.o
                0x0800af74                HCDgetCurrentSpeed
 .text.HCDresetPort
                0x0800af94        0xe obj\debug\src\libs\otg\stm4\usb_corehost.o
                0x0800af94                HCDresetPort
 *fill*         0x0800afa2        0x2 
 .text.handleHcnOutISR
                0x0800afa4      0x1e0 obj\debug\src\libs\otg\stm4\usb_corehost.o
 .text.handleHcnInISR
                0x0800b184      0x218 obj\debug\src\libs\otg\stm4\usb_corehost.o
 .text.handleChannelISR
                0x0800b39c       0xa8 obj\debug\src\libs\otg\stm4\usb_corehost.o
                0x0800b39c                handleChannelISR
 .text.handleDisconnectISR
                0x0800b444       0x12 obj\debug\src\libs\otg\stm4\usb_corehost.o
                0x0800b444                handleDisconnectISR
 *fill*         0x0800b456        0x2 
 .text.handleNptxfemptyISR
                0x0800b458       0x90 obj\debug\src\libs\otg\stm4\usb_corehost.o
                0x0800b458                handleNptxfemptyISR
 .text.handlePtxfemptyISR
                0x0800b4e8       0x94 obj\debug\src\libs\otg\stm4\usb_corehost.o
                0x0800b4e8                handlePtxfemptyISR
 .text.handlePortISR
                0x0800b57c      0x148 obj\debug\src\libs\otg\stm4\usb_corehost.o
                0x0800b57c                handlePortISR
 .text.handleCanReadHOST
                0x0800b6c4       0x9c obj\debug\src\libs\otg\stm4\usb_corehost.o
                0x0800b6c4                handleCanReadHOST
 .text.hndIncompPerXferISR
                0x0800b760       0x30 obj\debug\src\libs\otg\stm4\usb_corehost.o
                0x0800b760                hndIncompPerXferISR
 .text.handleOtgISR
                0x0800b790       0x20 obj\debug\src\libs\otg\stm4\usb_otg.o
                0x0800b790                handleOtgISR
 .text.handleSessnReqISR
                0x0800b7b0       0x30 obj\debug\src\libs\otg\stm4\usb_otg.o
 .text.USBinitOTG
                0x0800b7e0       0x24 obj\debug\src\libs\otg\stm4\usb_otg.o
                0x0800b7e0                USBinitOTG
 .text.handleConIDStChgISR
                0x0800b804       0x38 obj\debug\src\libs\otg\stm4\usb_otg.o
                0x0800b804                handleConIDStChgISR
 .text.USBIrqHandlerOTG
                0x0800b83c      0x1b8 obj\debug\src\libs\otg\stm4\usb_otg.o
                0x0800b83c                USBIrqHandlerOTG
 .text.STORAGE_Init
                0x0800b9f4       0x16 obj\debug\src\usbd_storage.o
                0x0800b9f4                STORAGE_Init
 .text.STORAGE_GetCapacity
                0x0800ba0a       0x2a obj\debug\src\usbd_storage.o
                0x0800ba0a                STORAGE_GetCapacity
 .text.STORAGE_IsReady
                0x0800ba34       0x16 obj\debug\src\usbd_storage.o
                0x0800ba34                STORAGE_IsReady
 .text.STORAGE_IsWriteProtected
                0x0800ba4a       0x16 obj\debug\src\usbd_storage.o
                0x0800ba4a                STORAGE_IsWriteProtected
 .text.STORAGE_Read
                0x0800ba60      0x210 obj\debug\src\usbd_storage.o
                0x0800ba60                STORAGE_Read
 .text.STORAGE_Write
                0x0800bc70      0x1a4 obj\debug\src\usbd_storage.o
                0x0800bc70                STORAGE_Write
 .text.STORAGE_GetMaxLun
                0x0800be14       0x10 obj\debug\src\usbd_storage.o
                0x0800be14                STORAGE_GetMaxLun
 .text.memcpy   0x0800be24       0x1c c:/program files (x86)/embitz/2.60/share/armgcc/bin/../lib/gcc/arm-none-eabi/9.3.1/../../../../arm-none-eabi/lib/thumb/v7e-m+fp/hard\libg_nano.a(lib_a-memcpy-stub.o)
                0x0800be24                memcpy
 *(.glue_7)
 .glue_7        0x0800be40        0x0 linker stubs
 *(.glue_7t)
 .glue_7t       0x0800be40        0x0 linker stubs
 *(.eh_frame)
 .eh_frame      0x0800be40        0x0 c:/program files (x86)/embitz/2.60/share/armgcc/bin/../lib/gcc/arm-none-eabi/9.3.1/thumb/v7e-m+fp/hard/crtbegin.o
 *(.init)
 .init          0x0800be40        0x4 c:/program files (x86)/embitz/2.60/share/armgcc/bin/../lib/gcc/arm-none-eabi/9.3.1/thumb/v7e-m+fp/hard/crti.o
                0x0800be40                _init
 .init          0x0800be44        0x8 c:/program files (x86)/embitz/2.60/share/armgcc/bin/../lib/gcc/arm-none-eabi/9.3.1/thumb/v7e-m+fp/hard/crtn.o
 *(.fini)
 .fini          0x0800be4c        0x4 c:/program files (x86)/embitz/2.60/share/armgcc/bin/../lib/gcc/arm-none-eabi/9.3.1/thumb/v7e-m+fp/hard/crti.o
                0x0800be4c                _fini
 .fini          0x0800be50        0x8 c:/program files (x86)/embitz/2.60/share/armgcc/bin/../lib/gcc/arm-none-eabi/9.3.1/thumb/v7e-m+fp/hard/crtn.o
                0x0800be58                . = ALIGN (0x4)
                0x0800be58                _etext = .

.vfp11_veneer   0x0800be58        0x0
 .vfp11_veneer  0x0800be58        0x0 linker stubs

.v4_bx          0x0800be58        0x0
 .v4_bx         0x0800be58        0x0 linker stubs

.iplt           0x0800be58        0x0
 .iplt          0x0800be58        0x0 c:/program files (x86)/embitz/2.60/share/armgcc/bin/../lib/gcc/arm-none-eabi/9.3.1/thumb/v7e-m+fp/hard/crtbegin.o

.rel.dyn        0x0800be58        0x0
 .rel.iplt      0x0800be58        0x0 c:/program files (x86)/embitz/2.60/share/armgcc/bin/../lib/gcc/arm-none-eabi/9.3.1/thumb/v7e-m+fp/hard/crtbegin.o

.bss            0x20001620     0x1dd8
                0x20001620                . = ALIGN (0x4)
                0x20001620                _sbss = .
 *(.bss)
 .bss           0x20001620       0x1c c:/program files (x86)/embitz/2.60/share/armgcc/bin/../lib/gcc/arm-none-eabi/9.3.1/thumb/v7e-m+fp/hard/crtbegin.o
 *(.bss*)
 *fill*         0x2000163c        0x4 
 .bss.upTime    0x20001640        0x8 obj\debug\src\cortexm\cortexm.o
 .bss.uSecs     0x20001648        0x2 obj\debug\src\cortexm\cortexm.o
 .bss.hubAddr   0x2000164a        0x1 obj\debug\src\host.o
                0x2000164a                hubAddr
 .bss.mscAddr   0x2000164b        0x1 obj\debug\src\host.o
                0x2000164b                mscAddr
 .bss.hidAddr   0x2000164c        0x1 obj\debug\src\host.o
                0x2000164c                hidAddr
 *fill*         0x2000164d        0x3 
 .bss.FatFs     0x20001650        0x8 obj\debug\src\libs\fat-fs\ff.o
 .bss.Fsid      0x20001658        0x2 obj\debug\src\libs\fat-fs\ff.o
 *fill*         0x2000165a        0x2 
 .bss.ep.5974   0x2000165c        0x4 obj\debug\src\libs\otg\device\usbd_ioreq.o
 .bss.USBD_ep_status
                0x20001660        0x4 obj\debug\src\libs\otg\device\usbd_req.o
                0x20001660                USBD_ep_status
 .bss.USBD_default_cfg
                0x20001664        0x4 obj\debug\src\libs\otg\device\usbd_req.o
                0x20001664                USBD_default_cfg
 .bss.USBD_cfg_status
                0x20001668        0x4 obj\debug\src\libs\otg\device\usbd_req.o
                0x20001668                USBD_cfg_status
 .bss.cfgidx.6026
                0x2000166c        0x1 obj\debug\src\libs\otg\device\usbd_req.o
 *fill*         0x2000166d        0x3 
 .bss.strDesc.6064
                0x20001670       0x40 obj\debug\src\libs\otg\device\usbd_req.o
 .bss.start_toggle
                0x200016b0        0x1 obj\debug\src\libs\otg\host\class\hid\usbh_hid_core.o
                0x200016b0                start_toggle
 *fill*         0x200016b1        0x3 
 .bss.remainingDataLength
                0x200016b4        0x4 obj\debug\src\libs\otg\host\class\msc\usbh_msc_bot.o
 .bss.datapointer
                0x200016b8        0x4 obj\debug\src\libs\otg\host\class\msc\usbh_msc_bot.o
 .bss.maxLunExceed.6352
                0x200016bc        0x1 obj\debug\src\libs\otg\host\class\msc\usbh_msc_core.o
 *fill*         0x200016bd        0x3 
 .bss.lBuffer.7041
                0x200016c0       0x40 obj\debug\src\libs\otg\host\usbh_core.o
 .bss.prev_itf.6197
                0x20001700        0x1 obj\debug\src\libs\otg\host\usbh_stdreq.o
 *fill*         0x20001701        0x1 
 .bss.prev_ep_size.6196
                0x20001702        0x2 obj\debug\src\libs\otg\host\usbh_stdreq.o
 .bss.HC_Status
                0x20001704        0xc obj\debug\src\libs\otg\stm4\usb_corehost.o
 *(COMMON)
 COMMON         0x20001710       0x21 c:/program files (x86)/embitz/2.60/share/armgcc/bin/../lib/gcc/arm-none-eabi/9.3.1/../../../../arm-none-eabi/lib/thumb/v7e-m+fp/hard\libc.a(lib_a-lock.o)
                0x20001710                __lock___atexit_recursive_mutex
                0x20001714                __lock___arc4random_mutex
                0x20001718                __lock___env_recursive_mutex
                0x2000171c                __lock___sinit_recursive_mutex
                0x20001720                __lock___malloc_recursive_mutex
                0x20001724                __lock___at_quick_exit_mutex
                0x20001728                __lock___dd_hash_mutex
                0x2000172c                __lock___tz_mutex
                0x20001730                __lock___sfp_recursive_mutex
 *fill*         0x20001731        0x3 
 COMMON         0x20001734      0x800 obj\debug\src\cortexm\stm32\f4\stm32f4.o
                0x20001734                FLASH
                0x20001b34                PWR
 COMMON         0x20001f34      0x460 obj\debug\src\libs\otg\device\class\msc\usbd_msc_bot.o
                0x20001f34                hmsc
 COMMON         0x20002394      0x3e0 obj\debug\src\libs\otg\device\usbd_core.o
                0x20002394                USB_DEV
 COMMON         0x20002774       0x68 obj\debug\src\libs\otg\host\class\hid\usbh_hid_core.o
                0x20002774                classReqStatus
                0x20002778                HID_Machine
                0x200027c8                HID_Desc
                0x200027d4                report
 COMMON         0x200027dc        0xc obj\debug\src\libs\otg\host\class\hub\usbh-hub.o
                0x200027dc                HUB_Machine
 COMMON         0x200027e8       0x3c obj\debug\src\libs\otg\host\class\msc\usbh_msc_bot.o
                0x200027e8                USBH_MSC_CSWData
                0x200027f8                USBH_MSC_BOTXferParam
                0x20002804                USBH_MSC_CBWData
 COMMON         0x20002824      0x208 obj\debug\src\libs\otg\host\class\msc\usbh_msc_core.o
                0x20002824                MSC_Machine
 COMMON         0x20002a2c      0x410 obj\debug\src\libs\otg\host\class\msc\usbh_msc_scsi.o
                0x20002a2c                USBH_DataInBuffer
                0x20002c2c                USBH_MSC_Param
                0x20002c3c                USBH_DataOutBuffer
 COMMON         0x20002e3c      0x3b4 obj\debug\src\libs\otg\host\usbh_core.o
                0x20002e3c                USBHclassSignaler
                0x20002e44                USB_Host
                0x20002eb8                USB_HOST
 COMMON         0x200031f0      0x200 obj\debug\src\libs\otg\host\usbh_stdreq.o
                0x200031f0                USBH_CfgDesc
 COMMON         0x200033f0        0x8 obj\debug\src\libs\otg\stm4\usb_core.o
                0x200033f0                USB_OTG_Core
                0x200033f8                . = ALIGN (0x4)
                0x200033f8                _ebss = .

._user_heap_stack
                0x200033f8      0x600
                0x200033f8                . = ALIGN (0x8)
                0x200033f8                PROVIDE (end = .)
                [!provide]                PROVIDE (_end = .)
                0x200035f8                . = (. + HEAP_GAP)
 *fill*         0x200033f8      0x200 
                0x200039f8                . = (. + STACK_GAP)
 *fill*         0x200035f8      0x400 
                0x200039f8                . = ALIGN (0x8)

/DISCARD/
 libc.a(*)
 libm.a(*)
 libgcc.a(*)

.ARM.attributes
                0x00000000       0x30
 *(.ARM.attributes)
 .ARM.attributes
                0x00000000       0x1e c:/program files (x86)/embitz/2.60/share/armgcc/bin/../lib/gcc/arm-none-eabi/9.3.1/thumb/v7e-m+fp/hard/crti.o
 .ARM.attributes
                0x0000001e       0x34 c:/program files (x86)/embitz/2.60/share/armgcc/bin/../lib/gcc/arm-none-eabi/9.3.1/thumb/v7e-m+fp/hard/crtbegin.o
 .ARM.attributes
                0x00000052       0x34 obj\debug\src\cortexm\cortexm.o
 .ARM.attributes
                0x00000086       0x34 obj\debug\src\cortexm\stm32\f4\stm32f4.o
 .ARM.attributes
                0x000000ba       0x34 obj\debug\src\f407-disco.o
 .ARM.attributes
                0x000000ee       0x34 obj\debug\src\host.o
 .ARM.attributes
                0x00000122       0x34 obj\debug\src\libs\fat-fs\ff.o
 .ARM.attributes
                0x00000156       0x34 obj\debug\src\libs\otg\device\class\msc\usbd_msc.o
 .ARM.attributes
                0x0000018a       0x34 obj\debug\src\libs\otg\device\class\msc\usbd_msc_bot.o
 .ARM.attributes
                0x000001be       0x39 obj\debug\src\libs\otg\device\class\msc\usbd_msc_data.o
 .ARM.attributes
                0x000001f7       0x34 obj\debug\src\libs\otg\device\class\msc\usbd_msc_scsi.o
 .ARM.attributes
                0x0000022b       0x34 obj\debug\src\libs\otg\device\usbd_core.o
 .ARM.attributes
                0x0000025f       0x34 obj\debug\src\libs\otg\device\usbd_ioreq.o
 .ARM.attributes
                0x00000293       0x34 obj\debug\src\libs\otg\device\usbd_req.o
 .ARM.attributes
                0x000002c7       0x34 obj\debug\src\libs\otg\host\class\hid\usbh_hid_core.o
 .ARM.attributes
                0x000002fb       0x34 obj\debug\src\libs\otg\host\class\hub\usbh-hub.o
 .ARM.attributes
                0x0000032f       0x34 obj\debug\src\libs\otg\host\class\msc\usbh_msc_bot.o
 .ARM.attributes
                0x00000363       0x34 obj\debug\src\libs\otg\host\class\msc\usbh_msc_core.o
 .ARM.attributes
                0x00000397       0x34 obj\debug\src\libs\otg\host\class\msc\usbh_msc_fatfs.o
 .ARM.attributes
                0x000003cb       0x34 obj\debug\src\libs\otg\host\class\msc\usbh_msc_scsi.o
 .ARM.attributes
                0x000003ff       0x34 obj\debug\src\libs\otg\host\usbh_core.o
 .ARM.attributes
                0x00000433       0x34 obj\debug\src\libs\otg\host\usbh_hcs.o
 .ARM.attributes
                0x00000467       0x34 obj\debug\src\libs\otg\host\usbh_ioreq.o
 .ARM.attributes
                0x0000049b       0x34 obj\debug\src\libs\otg\host\usbh_stdreq.o
 .ARM.attributes
                0x000004cf       0x34 obj\debug\src\libs\otg\stm4\usb_core.o
 .ARM.attributes
                0x00000503       0x34 obj\debug\src\libs\otg\stm4\usb_coredev.o
 .ARM.attributes
                0x00000537       0x34 obj\debug\src\libs\otg\stm4\usb_corehost.o
 .ARM.attributes
                0x0000056b       0x34 obj\debug\src\libs\otg\stm4\usb_otg.o
 .ARM.attributes
                0x0000059f       0x39 obj\debug\src\usbd_desc.o
 .ARM.attributes
                0x000005d8       0x34 obj\debug\src\usbd_storage.o
 .ARM.attributes
                0x0000060c       0x34 c:/program files (x86)/embitz/2.60/share/armgcc/bin/../lib/gcc/arm-none-eabi/9.3.1/../../../../arm-none-eabi/lib/thumb/v7e-m+fp/hard\libg_nano.a(lib_a-memcpy-stub.o)
 .ARM.attributes
                0x00000640       0x1e c:/program files (x86)/embitz/2.60/share/armgcc/bin/../lib/gcc/arm-none-eabi/9.3.1/thumb/v7e-m+fp/hard/crtn.o
                0x20020000                ldStack = (ORIGIN (RAM) + LENGTH (RAM))
LOAD obj\debug\src\cortexm\cortexm.o
LOAD obj\debug\src\cortexm\stm32\f4\stm32f4.o
LOAD obj\debug\src\f407-disco.o
LOAD obj\debug\src\host.o
LOAD obj\debug\src\libs\fat-fs\fattime.o
LOAD obj\debug\src\libs\fat-fs\ff.o
LOAD obj\debug\src\libs\otg\device\class\cdc\usbd_cdc_core.o
LOAD obj\debug\src\libs\otg\device\class\cdc\usbd_cdc_if_template.o
LOAD obj\debug\src\libs\otg\device\class\hid\usbd_hid_core.o
LOAD obj\debug\src\libs\otg\device\class\msc\usbd_msc.o
LOAD obj\debug\src\libs\otg\device\class\msc\usbd_msc_bot.o
LOAD obj\debug\src\libs\otg\device\class\msc\usbd_msc_data.o
LOAD obj\debug\src\libs\otg\device\class\msc\usbd_msc_scsi.o
LOAD obj\debug\src\libs\otg\device\usbd_core.o
LOAD obj\debug\src\libs\otg\device\usbd_ioreq.o
LOAD obj\debug\src\libs\otg\device\usbd_req.o
LOAD obj\debug\src\libs\otg\host\class\hid\usbh_hid_core.o
LOAD obj\debug\src\libs\otg\host\class\hid\usbh_hid_keybd.o
LOAD obj\debug\src\libs\otg\host\class\hid\usbh_hid_mouse.o
LOAD obj\debug\src\libs\otg\host\class\hid\usbh_hid_parser.o
LOAD obj\debug\src\libs\otg\host\class\hub\usbh-hub.o
LOAD obj\debug\src\libs\otg\host\class\msc\usbh_msc_bot.o
LOAD obj\debug\src\libs\otg\host\class\msc\usbh_msc_core.o
LOAD obj\debug\src\libs\otg\host\class\msc\usbh_msc_fatfs.o
LOAD obj\debug\src\libs\otg\host\class\msc\usbh_msc_scsi.o
LOAD obj\debug\src\libs\otg\host\usbh_core.o
LOAD obj\debug\src\libs\otg\host\usbh_hcs.o
LOAD obj\debug\src\libs\otg\host\usbh_ioreq.o
LOAD obj\debug\src\libs\otg\host\usbh_stdreq.o
LOAD obj\debug\src\libs\otg\stm4\usb_core.o
LOAD obj\debug\src\libs\otg\stm4\usb_coredev.o
LOAD obj\debug\src\libs\otg\stm4\usb_corehost.o
LOAD obj\debug\src\libs\otg\stm4\usb_otg.o
LOAD obj\debug\src\usbd_desc.o
LOAD obj\debug\src\usbd_storage.o
START GROUP
LOAD c:/program files (x86)/embitz/2.60/share/armgcc/bin/../lib/gcc/arm-none-eabi/9.3.1/thumb/v7e-m+fp/hard\libgcc.a
LOAD c:/program files (x86)/embitz/2.60/share/armgcc/bin/../lib/gcc/arm-none-eabi/9.3.1/../../../../arm-none-eabi/lib/thumb/v7e-m+fp/hard\libg_nano.a
LOAD c:/program files (x86)/embitz/2.60/share/armgcc/bin/../lib/gcc/arm-none-eabi/9.3.1/../../../../arm-none-eabi/lib/thumb/v7e-m+fp/hard\libc_nano.a
END GROUP
START GROUP
LOAD c:/program files (x86)/embitz/2.60/share/armgcc/bin/../lib/gcc/arm-none-eabi/9.3.1/thumb/v7e-m+fp/hard\libgcc.a
LOAD c:/program files (x86)/embitz/2.60/share/armgcc/bin/../lib/gcc/arm-none-eabi/9.3.1/../../../../arm-none-eabi/lib/thumb/v7e-m+fp/hard\libc_nano.a
LOAD c:/program files (x86)/embitz/2.60/share/armgcc/bin/../lib/gcc/arm-none-eabi/9.3.1/../../../../arm-none-eabi/lib/thumb/v7e-m+fp/hard\librdimon_nano.a
LOAD c:/program files (x86)/embitz/2.60/share/armgcc/bin/../lib/gcc/arm-none-eabi/9.3.1/../../../../arm-none-eabi/lib/thumb/v7e-m+fp/hard\libnosys.a
END GROUP
START GROUP
LOAD c:/program files (x86)/embitz/2.60/share/armgcc/bin/../lib/gcc/arm-none-eabi/9.3.1/thumb/v7e-m+fp/hard\libgcc.a
LOAD c:/program files (x86)/embitz/2.60/share/armgcc/bin/../lib/gcc/arm-none-eabi/9.3.1/../../../../arm-none-eabi/lib/thumb/v7e-m+fp/hard\libc_nano.a
LOAD c:/program files (x86)/embitz/2.60/share/armgcc/bin/../lib/gcc/arm-none-eabi/9.3.1/../../../../arm-none-eabi/lib/thumb/v7e-m+fp/hard\libnosys.a
END GROUP
START GROUP
LOAD c:/program files (x86)/embitz/2.60/share/armgcc/bin/../lib/gcc/arm-none-eabi/9.3.1/thumb/v7e-m+fp/hard\libgcc.a
LOAD c:/program files (x86)/embitz/2.60/share/armgcc/bin/../lib/gcc/arm-none-eabi/9.3.1/../../../../arm-none-eabi/lib/thumb/v7e-m+fp/hard\libc_nano.a
LOAD c:/program files (x86)/embitz/2.60/share/armgcc/bin/../lib/gcc/arm-none-eabi/9.3.1/../../../../arm-none-eabi/lib/thumb/v7e-m+fp/hard\librdimon_nano.a
END GROUP
LOAD c:/program files (x86)/embitz/2.60/share/armgcc/bin/../lib/gcc/arm-none-eabi/9.3.1/thumb/v7e-m+fp/hard/crtend.o
LOAD c:/program files (x86)/embitz/2.60/share/armgcc/bin/../lib/gcc/arm-none-eabi/9.3.1/thumb/v7e-m+fp/hard/crtn.o
OUTPUT(bin\Debug\stm32f4usb.elf elf32-littlearm)
LOAD linker stubs
LOAD c:/program files (x86)/embitz/2.60/share/armgcc/bin/../lib/gcc/arm-none-eabi/9.3.1/../../../../arm-none-eabi/lib/thumb/v7e-m+fp/hard\libc.a
LOAD c:/program files (x86)/embitz/2.60/share/armgcc/bin/../lib/gcc/arm-none-eabi/9.3.1/../../../../arm-none-eabi/lib/thumb/v7e-m+fp/hard\libm.a
LOAD c:/program files (x86)/embitz/2.60/share/armgcc/bin/../lib/gcc/arm-none-eabi/9.3.1/thumb/v7e-m+fp/hard\libgcc.a

.debug_info     0x00000000    0x2f885
 .debug_info    0x00000000     0x1257 obj\debug\src\cortexm\cortexm.o
 .debug_info    0x00001257     0x1d32 obj\debug\src\cortexm\stm32\f4\stm32f4.o
 .debug_info    0x00002f89     0x2f83 obj\debug\src\f407-disco.o
 .debug_info    0x00005f0c      0xe1b obj\debug\src\host.o
 .debug_info    0x00006d27     0x1d06 obj\debug\src\libs\fat-fs\ff.o
 .debug_info    0x00008a2d      0x891 obj\debug\src\libs\otg\device\class\msc\usbd_msc.o
 .debug_info    0x000092be      0x8ca obj\debug\src\libs\otg\device\class\msc\usbd_msc_bot.o
 .debug_info    0x00009b88      0x79c obj\debug\src\libs\otg\device\class\msc\usbd_msc_data.o
 .debug_info    0x0000a324      0xd0d obj\debug\src\libs\otg\device\class\msc\usbd_msc_scsi.o
 .debug_info    0x0000b031      0x918 obj\debug\src\libs\otg\device\usbd_core.o
 .debug_info    0x0000b949      0x65e obj\debug\src\libs\otg\device\usbd_ioreq.o
 .debug_info    0x0000bfa7      0x749 obj\debug\src\libs\otg\device\usbd_req.o
 .debug_info    0x0000c6f0     0x2dab obj\debug\src\libs\otg\host\class\hid\usbh_hid_core.o
 .debug_info    0x0000f49b     0x2ca6 obj\debug\src\libs\otg\host\class\hub\usbh-hub.o
 .debug_info    0x00012141     0x2d75 obj\debug\src\libs\otg\host\class\msc\usbh_msc_bot.o
 .debug_info    0x00014eb6      0xd93 obj\debug\src\libs\otg\host\class\msc\usbh_msc_core.o
 .debug_info    0x00015c49     0x2dd4 obj\debug\src\libs\otg\host\class\msc\usbh_msc_fatfs.o
 .debug_info    0x00018a1d      0xe6f obj\debug\src\libs\otg\host\class\msc\usbh_msc_scsi.o
 .debug_info    0x0001988c     0x2d3d obj\debug\src\libs\otg\host\usbh_core.o
 .debug_info    0x0001c5c9     0x2b4e obj\debug\src\libs\otg\host\usbh_hcs.o
 .debug_info    0x0001f117     0x2bce obj\debug\src\libs\otg\host\usbh_ioreq.o
 .debug_info    0x00021ce5     0x107e obj\debug\src\libs\otg\host\usbh_stdreq.o
 .debug_info    0x00022d63     0x2774 obj\debug\src\libs\otg\stm4\usb_core.o
 .debug_info    0x000254d7     0x2bae obj\debug\src\libs\otg\stm4\usb_coredev.o
 .debug_info    0x00028085     0x3484 obj\debug\src\libs\otg\stm4\usb_corehost.o
 .debug_info    0x0002b509     0x2cf9 obj\debug\src\libs\otg\stm4\usb_otg.o
 .debug_info    0x0002e202      0x3fb obj\debug\src\usbd_desc.o
 .debug_info    0x0002e5fd     0x1288 obj\debug\src\usbd_storage.o

.debug_abbrev   0x00000000     0x528c
 .debug_abbrev  0x00000000      0x31c obj\debug\src\cortexm\cortexm.o
 .debug_abbrev  0x0000031c      0x34f obj\debug\src\cortexm\stm32\f4\stm32f4.o
 .debug_abbrev  0x0000066b      0x35d obj\debug\src\f407-disco.o
 .debug_abbrev  0x000009c8      0x267 obj\debug\src\host.o
 .debug_abbrev  0x00000c2f      0x207 obj\debug\src\libs\fat-fs\ff.o
 .debug_abbrev  0x00000e36      0x1f8 obj\debug\src\libs\otg\device\class\msc\usbd_msc.o
 .debug_abbrev  0x0000102e      0x22a obj\debug\src\libs\otg\device\class\msc\usbd_msc_bot.o
 .debug_abbrev  0x00001258      0x162 obj\debug\src\libs\otg\device\class\msc\usbd_msc_data.o
 .debug_abbrev  0x000013ba      0x2d9 obj\debug\src\libs\otg\device\class\msc\usbd_msc_scsi.o
 .debug_abbrev  0x00001693      0x2c8 obj\debug\src\libs\otg\device\usbd_core.o
 .debug_abbrev  0x0000195b      0x1cd obj\debug\src\libs\otg\device\usbd_ioreq.o
 .debug_abbrev  0x00001b28      0x272 obj\debug\src\libs\otg\device\usbd_req.o
 .debug_abbrev  0x00001d9a      0x38d obj\debug\src\libs\otg\host\class\hid\usbh_hid_core.o
 .debug_abbrev  0x00002127      0x399 obj\debug\src\libs\otg\host\class\hub\usbh-hub.o
 .debug_abbrev  0x000024c0      0x373 obj\debug\src\libs\otg\host\class\msc\usbh_msc_bot.o
 .debug_abbrev  0x00002833      0x253 obj\debug\src\libs\otg\host\class\msc\usbh_msc_core.o
 .debug_abbrev  0x00002a86      0x375 obj\debug\src\libs\otg\host\class\msc\usbh_msc_fatfs.o
 .debug_abbrev  0x00002dfb      0x284 obj\debug\src\libs\otg\host\class\msc\usbh_msc_scsi.o
 .debug_abbrev  0x0000307f      0x407 obj\debug\src\libs\otg\host\usbh_core.o
 .debug_abbrev  0x00003486      0x373 obj\debug\src\libs\otg\host\usbh_hcs.o
 .debug_abbrev  0x000037f9      0x2ef obj\debug\src\libs\otg\host\usbh_ioreq.o
 .debug_abbrev  0x00003ae8      0x2d3 obj\debug\src\libs\otg\host\usbh_stdreq.o
 .debug_abbrev  0x00003dbb      0x3b4 obj\debug\src\libs\otg\stm4\usb_core.o
 .debug_abbrev  0x0000416f      0x4c6 obj\debug\src\libs\otg\stm4\usb_coredev.o
 .debug_abbrev  0x00004635      0x4dd obj\debug\src\libs\otg\stm4\usb_corehost.o
 .debug_abbrev  0x00004b12      0x379 obj\debug\src\libs\otg\stm4\usb_otg.o
 .debug_abbrev  0x00004e8b      0x137 obj\debug\src\usbd_desc.o
 .debug_abbrev  0x00004fc2      0x2ca obj\debug\src\usbd_storage.o

.debug_aranges  0x00000000     0x1138
 .debug_aranges
                0x00000000      0x2c8 obj\debug\src\cortexm\cortexm.o
 .debug_aranges
                0x000002c8       0xe8 obj\debug\src\cortexm\stm32\f4\stm32f4.o
 .debug_aranges
                0x000003b0       0x68 obj\debug\src\f407-disco.o
 .debug_aranges
                0x00000418       0x28 obj\debug\src\host.o
 .debug_aranges
                0x00000440      0x1a0 obj\debug\src\libs\fat-fs\ff.o
 .debug_aranges
                0x000005e0       0x28 obj\debug\src\libs\otg\device\class\msc\usbd_msc.o
 .debug_aranges
                0x00000608       0x68 obj\debug\src\libs\otg\device\class\msc\usbd_msc_bot.o
 .debug_aranges
                0x00000670       0x18 obj\debug\src\libs\otg\device\class\msc\usbd_msc_data.o
 .debug_aranges
                0x00000688       0xa0 obj\debug\src\libs\otg\device\class\msc\usbd_msc_scsi.o
 .debug_aranges
                0x00000728       0xf0 obj\debug\src\libs\otg\device\usbd_core.o
 .debug_aranges
                0x00000818       0x70 obj\debug\src\libs\otg\device\usbd_ioreq.o
 .debug_aranges
                0x00000888       0x88 obj\debug\src\libs\otg\device\usbd_req.o
 .debug_aranges
                0x00000910       0x48 obj\debug\src\libs\otg\host\class\hid\usbh_hid_core.o
 .debug_aranges
                0x00000958       0x50 obj\debug\src\libs\otg\host\class\hub\usbh-hub.o
 .debug_aranges
                0x000009a8       0x58 obj\debug\src\libs\otg\host\class\msc\usbh_msc_bot.o
 .debug_aranges
                0x00000a00       0x38 obj\debug\src\libs\otg\host\class\msc\usbh_msc_core.o
 .debug_aranges
                0x00000a38       0x48 obj\debug\src\libs\otg\host\class\msc\usbh_msc_fatfs.o
 .debug_aranges
                0x00000a80       0x60 obj\debug\src\libs\otg\host\class\msc\usbh_msc_scsi.o
 .debug_aranges
                0x00000ae0      0x100 obj\debug\src\libs\otg\host\usbh_core.o
 .debug_aranges
                0x00000be0       0x68 obj\debug\src\libs\otg\host\usbh_hcs.o
 .debug_aranges
                0x00000c48       0x70 obj\debug\src\libs\otg\host\usbh_ioreq.o
 .debug_aranges
                0x00000cb8       0xd0 obj\debug\src\libs\otg\host\usbh_stdreq.o
 .debug_aranges
                0x00000d88       0x98 obj\debug\src\libs\otg\stm4\usb_core.o
 .debug_aranges
                0x00000e20      0x150 obj\debug\src\libs\otg\stm4\usb_coredev.o
 .debug_aranges
                0x00000f70       0xf8 obj\debug\src\libs\otg\stm4\usb_corehost.o
 .debug_aranges
                0x00001068       0x68 obj\debug\src\libs\otg\stm4\usb_otg.o
 .debug_aranges
                0x000010d0       0x18 obj\debug\src\usbd_desc.o
 .debug_aranges
                0x000010e8       0x50 obj\debug\src\usbd_storage.o

.debug_ranges   0x00000000      0xf68
 .debug_ranges  0x00000000      0x2b8 obj\debug\src\cortexm\cortexm.o
 .debug_ranges  0x000002b8       0xd8 obj\debug\src\cortexm\stm32\f4\stm32f4.o
 .debug_ranges  0x00000390       0x58 obj\debug\src\f407-disco.o
 .debug_ranges  0x000003e8       0x18 obj\debug\src\host.o
 .debug_ranges  0x00000400      0x190 obj\debug\src\libs\fat-fs\ff.o
 .debug_ranges  0x00000590       0x18 obj\debug\src\libs\otg\device\class\msc\usbd_msc.o
 .debug_ranges  0x000005a8       0x58 obj\debug\src\libs\otg\device\class\msc\usbd_msc_bot.o
 .debug_ranges  0x00000600       0x90 obj\debug\src\libs\otg\device\class\msc\usbd_msc_scsi.o
 .debug_ranges  0x00000690       0xe0 obj\debug\src\libs\otg\device\usbd_core.o
 .debug_ranges  0x00000770       0x60 obj\debug\src\libs\otg\device\usbd_ioreq.o
 .debug_ranges  0x000007d0       0x78 obj\debug\src\libs\otg\device\usbd_req.o
 .debug_ranges  0x00000848       0x38 obj\debug\src\libs\otg\host\class\hid\usbh_hid_core.o
 .debug_ranges  0x00000880       0x40 obj\debug\src\libs\otg\host\class\hub\usbh-hub.o
 .debug_ranges  0x000008c0       0x48 obj\debug\src\libs\otg\host\class\msc\usbh_msc_bot.o
 .debug_ranges  0x00000908       0x28 obj\debug\src\libs\otg\host\class\msc\usbh_msc_core.o
 .debug_ranges  0x00000930       0x38 obj\debug\src\libs\otg\host\class\msc\usbh_msc_fatfs.o
 .debug_ranges  0x00000968       0x50 obj\debug\src\libs\otg\host\class\msc\usbh_msc_scsi.o
 .debug_ranges  0x000009b8       0xf0 obj\debug\src\libs\otg\host\usbh_core.o
 .debug_ranges  0x00000aa8       0x58 obj\debug\src\libs\otg\host\usbh_hcs.o
 .debug_ranges  0x00000b00       0x60 obj\debug\src\libs\otg\host\usbh_ioreq.o
 .debug_ranges  0x00000b60       0xc0 obj\debug\src\libs\otg\host\usbh_stdreq.o
 .debug_ranges  0x00000c20       0x88 obj\debug\src\libs\otg\stm4\usb_core.o
 .debug_ranges  0x00000ca8      0x140 obj\debug\src\libs\otg\stm4\usb_coredev.o
 .debug_ranges  0x00000de8       0xe8 obj\debug\src\libs\otg\stm4\usb_corehost.o
 .debug_ranges  0x00000ed0       0x58 obj\debug\src\libs\otg\stm4\usb_otg.o
 .debug_ranges  0x00000f28       0x40 obj\debug\src\usbd_storage.o

.debug_line     0x00000000     0x998c
 .debug_line    0x00000000      0x9f9 obj\debug\src\cortexm\cortexm.o
 .debug_line    0x000009f9      0x6e0 obj\debug\src\cortexm\stm32\f4\stm32f4.o
 .debug_line    0x000010d9      0x3be obj\debug\src\f407-disco.o
 .debug_line    0x00001497      0x1f4 obj\debug\src\host.o
 .debug_line    0x0000168b     0x2405 obj\debug\src\libs\fat-fs\ff.o
 .debug_line    0x00003a90      0x224 obj\debug\src\libs\otg\device\class\msc\usbd_msc.o
 .debug_line    0x00003cb4      0x311 obj\debug\src\libs\otg\device\class\msc\usbd_msc_bot.o
 .debug_line    0x00003fc5       0xfd obj\debug\src\libs\otg\device\class\msc\usbd_msc_data.o
 .debug_line    0x000040c2      0x677 obj\debug\src\libs\otg\device\class\msc\usbd_msc_scsi.o
 .debug_line    0x00004739      0x6a1 obj\debug\src\libs\otg\device\usbd_core.o
 .debug_line    0x00004dda      0x277 obj\debug\src\libs\otg\device\usbd_ioreq.o
 .debug_line    0x00005051      0x51f obj\debug\src\libs\otg\device\usbd_req.o
 .debug_line    0x00005570      0x300 obj\debug\src\libs\otg\host\class\hid\usbh_hid_core.o
 .debug_line    0x00005870      0x33c obj\debug\src\libs\otg\host\class\hub\usbh-hub.o
 .debug_line    0x00005bac      0x2d7 obj\debug\src\libs\otg\host\class\msc\usbh_msc_bot.o
 .debug_line    0x00005e83      0x24c obj\debug\src\libs\otg\host\class\msc\usbh_msc_core.o
 .debug_line    0x000060cf      0x2bf obj\debug\src\libs\otg\host\class\msc\usbh_msc_fatfs.o
 .debug_line    0x0000638e      0x35c obj\debug\src\libs\otg\host\class\msc\usbh_msc_scsi.o
 .debug_line    0x000066ea      0x5f8 obj\debug\src\libs\otg\host\usbh_core.o
 .debug_line    0x00006ce2      0x2e6 obj\debug\src\libs\otg\host\usbh_hcs.o
 .debug_line    0x00006fc8      0x29e obj\debug\src\libs\otg\host\usbh_ioreq.o
 .debug_line    0x00007266      0x550 obj\debug\src\libs\otg\host\usbh_stdreq.o
 .debug_line    0x000077b6      0x458 obj\debug\src\libs\otg\stm4\usb_core.o
 .debug_line    0x00007c0e      0xbfc obj\debug\src\libs\otg\stm4\usb_coredev.o
 .debug_line    0x0000880a      0x991 obj\debug\src\libs\otg\stm4\usb_corehost.o
 .debug_line    0x0000919b      0x36a obj\debug\src\libs\otg\stm4\usb_otg.o
 .debug_line    0x00009505       0x96 obj\debug\src\usbd_desc.o
 .debug_line    0x0000959b      0x3f1 obj\debug\src\usbd_storage.o

.debug_str      0x00000000     0x5ad0
 .debug_str     0x00000000      0x97a obj\debug\src\cortexm\cortexm.o
                                0x9c6 (size before relaxing)
 .debug_str     0x0000097a      0x64b obj\debug\src\cortexm\stm32\f4\stm32f4.o
                                0x7f3 (size before relaxing)
 .debug_str     0x00000fc5     0x14cb obj\debug\src\f407-disco.o
                               0x1886 (size before relaxing)
 .debug_str     0x00002490      0x117 obj\debug\src\host.o
                                0xa41 (size before relaxing)
 .debug_str     0x000025a7      0x441 obj\debug\src\libs\fat-fs\ff.o
                                0x692 (size before relaxing)
 .debug_str     0x000029e8      0x3c6 obj\debug\src\libs\otg\device\class\msc\usbd_msc.o
                                0x715 (size before relaxing)
 .debug_str     0x00002dae      0x14a obj\debug\src\libs\otg\device\class\msc\usbd_msc_bot.o
                                0x696 (size before relaxing)
 .debug_str     0x00002ef8       0x71 obj\debug\src\libs\otg\device\class\msc\usbd_msc_data.o
                                0x5bd (size before relaxing)
 .debug_str     0x00002f69      0x188 obj\debug\src\libs\otg\device\class\msc\usbd_msc_scsi.o
                                0x793 (size before relaxing)
 .debug_str     0x000030f1      0x272 obj\debug\src\libs\otg\device\usbd_core.o
                                0x5b7 (size before relaxing)
 .debug_str     0x00003363       0xde obj\debug\src\libs\otg\device\usbd_ioreq.o
                                0x448 (size before relaxing)